../Drivers/STM32L0xx_HAL_Driver/Inc/stm32l0xx_ll_rcc.h:780:22:LL_RCC_HSI_Enable	1
../Drivers/STM32L0xx_HAL_Driver/Inc/stm32l0xx_ll_rcc.h:800:26:LL_RCC_HSI_IsReady	2
../Drivers/STM32L0xx_HAL_Driver/Inc/stm32l0xx_ll_rcc.h:891:22:LL_RCC_HSI_SetCalibTrimming	1
../Drivers/STM32L0xx_HAL_Driver/Inc/stm32l0xx_ll_rcc.h:1273:22:LL_RCC_SetSysClkSource	1
../Drivers/STM32L0xx_HAL_Driver/Inc/stm32l0xx_ll_rcc.h:1287:26:LL_RCC_GetSysClkSource	1
../Drivers/STM32L0xx_HAL_Driver/Inc/stm32l0xx_ll_rcc.h:1307:22:LL_RCC_SetAHBPrescaler	1
../Drivers/STM32L0xx_HAL_Driver/Inc/stm32l0xx_ll_rcc.h:1323:22:LL_RCC_SetAPB1Prescaler	1
../Drivers/STM32L0xx_HAL_Driver/Inc/stm32l0xx_ll_rcc.h:1339:22:LL_RCC_SetAPB2Prescaler	1
../Drivers/STM32L0xx_HAL_Driver/Inc/stm32l0xx_ll_rcc.h:1479:22:LL_RCC_SetUSARTClockSource	1
../Drivers/STM32L0xx_HAL_Driver/Inc/stm32l0xx_ll_system.h:913:22:LL_FLASH_SetLatency	1
../Drivers/STM32L0xx_HAL_Driver/Inc/stm32l0xx_ll_system.h:925:26:LL_FLASH_GetLatency	1
../Drivers/STM32L0xx_HAL_Driver/Inc/stm32l0xx_ll_cortex.h:260:22:LL_SYSTICK_EnableIT	1
../Drivers/STM32L0xx_HAL_Driver/Inc/stm32l0xx_ll_pwr.h:271:22:LL_PWR_SetRegulVoltageScaling	1
../Drivers/STM32L0xx_HAL_Driver/Inc/stm32l0xx_ll_pwr.h:678:26:LL_PWR_IsActiveFlag_VOS	1
../Drivers/STM32L0xx_HAL_Driver/Inc/stm32l0xx_ll_tim.h:901:22:LL_TIM_EnableCounter	1
../Drivers/STM32L0xx_HAL_Driver/Inc/stm32l0xx_ll_tim.h:1281:22:LL_TIM_CC_EnableChannel	1
../Drivers/STM32L0xx_HAL_Driver/Inc/stm32l0xx_ll_usart.h:3001:22:LL_USART_EnableIT_RXNE	1
../Core/Src/main.c:55:6:delay	2
../Core/Src/main.c:72:6:Set_Pin_Output	1
../Core/Src/main.c:81:6:Set_Pin_Input	1
../Core/Src/main.c:149:5:main	3
../Core/Src/main.c:232:6:SystemClock_Config	6
../Core/Src/main.c:277:6:Error_Handler	1
