../Drivers/STM32L0xx_HAL_Driver/Inc/stm32l0xx_ll_rcc.h:780:22:LL_RCC_HSI_Enable	1
../Drivers/STM32L0xx_HAL_Driver/Inc/stm32l0xx_ll_rcc.h:800:26:LL_RCC_HSI_IsReady	2
../Drivers/STM32L0xx_HAL_Driver/Inc/stm32l0xx_ll_rcc.h:891:22:LL_RCC_HSI_SetCalibTrimming	1
../Drivers/STM32L0xx_HAL_Driver/Inc/stm32l0xx_ll_rcc.h:1273:22:LL_RCC_SetSysClkSource	1
../Drivers/STM32L0xx_HAL_Driver/Inc/stm32l0xx_ll_rcc.h:1287:26:LL_RCC_GetSysClkSource	1
../Drivers/STM32L0xx_HAL_Driver/Inc/stm32l0xx_ll_rcc.h:1307:22:LL_RCC_SetAHBPrescaler	1
../Drivers/STM32L0xx_HAL_Driver/Inc/stm32l0xx_ll_rcc.h:1323:22:LL_RCC_SetAPB1Prescaler	1
../Drivers/STM32L0xx_HAL_Driver/Inc/stm32l0xx_ll_rcc.h:1339:22:LL_RCC_SetAPB2Prescaler	1
../Drivers/STM32L0xx_HAL_Driver/Inc/stm32l0xx_ll_rcc.h:1479:22:LL_RCC_SetUSARTClockSource	1
../Drivers/STM32L0xx_HAL_Driver/Inc/stm32l0xx_ll_system.h:913:22:LL_FLASH_SetLatency	1
../Drivers/STM32L0xx_HAL_Driver/Inc/stm32l0xx_ll_system.h:925:26:LL_FLASH_GetLatency	1
../Drivers/STM32L0xx_HAL_Driver/Inc/stm32l0xx_ll_cortex.h:260:22:LL_SYSTICK_EnableIT	1
../Drivers/STM32L0xx_HAL_Driver/Inc/stm32l0xx_ll_pwr.h:271:22:LL_PWR_SetRegulVoltageScaling	1
../Drivers/STM32L0xx_HAL_Driver/Inc/stm32l0xx_ll_pwr.h:678:26:LL_PWR_IsActiveFlag_VOS	1
../Drivers/STM32L0xx_HAL_Driver/Inc/stm32l0xx_ll_usart.h:3001:22:LL_USART_EnableIT_RXNE	1
../Core/Src/main.c:53:6:delay	2
../Core/Src/main.c:70:6:Set_Pin_Output	1
../Core/Src/main.c:79:6:Set_Pin_Input	1
../Core/Src/main.c:93:6:DHT22_Start	1
../Core/Src/main.c:105:9:DHT22_Check_Response	4
../Core/Src/main.c:122:9:DHT22_Read	5
../Core/Src/main.c:147:5:main	1
../Core/Src/main.c:235:6:SystemClock_Config	6
../Core/Src/main.c:280:6:Error_Handler	1
