../Core/Src/myGpioLib.c:13:6:GPIOA_WritePin	16	static
../Core/Src/myGpioLib.c:21:9:GPIOA_ReadOutput	16	static
../Core/Src/myGpioLib.c:26:9:GPIOA_ReadInput	16	static
../Core/Src/myGpioLib.c:31:6:GPIOA_TogglePin	16	static
../Core/Src/myGpioLib.c:36:6:LED2_Write	16	static
../Core/Src/myGpioLib.c:44:9:LED2_Read	8	static
../Core/Src/myGpioLib.c:49:9:B1_Read	8	static
../Core/Src/myGpioLib.c:55:6:LED2_On_Duration	24	static
../Core/Src/myGpioLib.c:65:6:LED2_Blink	24	static
../Core/Src/myGpioLib.c:81:6:LED2_Blink_Duration	32	static
../Core/Src/myGpioLib.c:103:6:GPIO_Test	24	static
