../Core/Src/myGpioLib.c:24:6:GPIOA_WritePin	16	static
../Core/Src/myGpioLib.c:32:9:GPIOA_ReadOutput	16	static
../Core/Src/myGpioLib.c:37:9:GPIOA_ReadInput	16	static
../Core/Src/myGpioLib.c:42:6:GPIOA_TogglePin	16	static
../Core/Src/myGpioLib.c:47:6:LED2_Write	16	static
../Core/Src/myGpioLib.c:55:9:LED2_Read	8	static
../Core/Src/myGpioLib.c:60:9:B1_Read	8	static
../Core/Src/myGpioLib.c:66:6:LED2_On_Duration	24	static
../Core/Src/myGpioLib.c:76:6:LED2_Blink	24	static
../Core/Src/myGpioLib.c:92:6:LED2_Blink_Duration	32	static
../Core/Src/myGpioLib.c:114:6:GPIO_Test	24	static
