../Drivers/STM32L0xx_HAL_Driver/Inc/stm32l0xx_ll_usart.h:2613:26:LL_USART_IsActiveFlag_RXNE	16	static
../Drivers/STM32L0xx_HAL_Driver/Inc/stm32l0xx_ll_usart.h:3609:25:LL_USART_ReceiveData8	16	static
../Core/Src/stm32l0xx_it.c:70:6:NMI_Handler	8	static
../Core/Src/stm32l0xx_it.c:85:6:HardFault_Handler	8	static
../Core/Src/stm32l0xx_it.c:100:6:SVC_Handler	8	static
../Core/Src/stm32l0xx_it.c:113:6:PendSV_Handler	8	static
../Core/Src/stm32l0xx_it.c:126:6:SysTick_Handler	8	static
../Core/Src/stm32l0xx_it.c:147:6:USART2_IRQHandler	8	static
../Core/Src/stm32l0xx_it.c:161:6:getchInit	8	static
../Core/Src/stm32l0xx_it.c:168:9:getch	16	static,ignoring_inline_asm
../Core/Src/stm32l0xx_it.c:186:5:kbhit	8	static
