../Drivers/STM32L0xx_HAL_Driver/Inc/stm32l0xx_ll_usart.h:2613:26:LL_USART_IsActiveFlag_RXNE	16	static
../Drivers/STM32L0xx_HAL_Driver/Inc/stm32l0xx_ll_usart.h:3609:25:LL_USART_ReceiveData8	16	static
../Core/Src/stm32l0xx_it.c:74:6:NMI_Handler	8	static
../Core/Src/stm32l0xx_it.c:89:6:HardFault_Handler	8	static
../Core/Src/stm32l0xx_it.c:104:6:SVC_Handler	8	static
../Core/Src/stm32l0xx_it.c:117:6:PendSV_Handler	8	static
../Core/Src/stm32l0xx_it.c:130:6:SysTick_Handler	8	static
../Core/Src/stm32l0xx_it.c:155:6:USART2_IRQHandler	8	static
../Core/Src/stm32l0xx_it.c:169:6:getchInit	8	static
../Core/Src/stm32l0xx_it.c:176:9:getch	16	static,ignoring_inline_asm
../Core/Src/stm32l0xx_it.c:194:5:kbhit	8	static
