16:54:34 **** Build of configuration Debug for project STM32_uartPrintf ****
make -j12 all 
arm-none-eabi-gcc "../Drivers/STM32L0xx_HAL_Driver/Src/stm32l0xx_ll_dma.c" -mcpu=cortex-m0plus -std=gnu11 -g3 -DDEBUG -DSTM32L073xx -DUSE_FULL_LL_DRIVER -DHSE_VALUE=8000000 -DHSE_STARTUP_TIMEOUT=100 -DLSE_STARTUP_TIMEOUT=5000 -DLSE_VALUE=32768 -DMSI_VALUE=2097000 -DHSI_VALUE=16000000 -DLSI_VALUE=37000 -DVDD_VALUE=3300 -DPREFETCH_ENABLE=0 -DINSTRUCTION_CACHE_ENABLE=1 -DDATA_CACHE_ENABLE=1 -c -I../Core/Inc -I../Drivers/STM32L0xx_HAL_Driver/Inc -I../Drivers/CMSIS/Device/ST/STM32L0xx/Include -I../Drivers/CMSIS/Include -O0 -ffunction-sections -fdata-sections -Wall -fstack-usage -fcyclomatic-complexity -MMD -MP -MF"Drivers/STM32L0xx_HAL_Driver/Src/stm32l0xx_ll_dma.d" -MT"Drivers/STM32L0xx_HAL_Driver/Src/stm32l0xx_ll_dma.o" --specs=nano.specs -mfloat-abi=soft -mthumb -o "Drivers/STM32L0xx_HAL_Driver/Src/stm32l0xx_ll_dma.o"
arm-none-eabi-gcc "../Drivers/STM32L0xx_HAL_Driver/Src/stm32l0xx_ll_exti.c" -mcpu=cortex-m0plus -std=gnu11 -g3 -DDEBUG -DSTM32L073xx -DUSE_FULL_LL_DRIVER -DHSE_VALUE=8000000 -DHSE_STARTUP_TIMEOUT=100 -DLSE_STARTUP_TIMEOUT=5000 -DLSE_VALUE=32768 -DMSI_VALUE=2097000 -DHSI_VALUE=16000000 -DLSI_VALUE=37000 -DVDD_VALUE=3300 -DPREFETCH_ENABLE=0 -DINSTRUCTION_CACHE_ENABLE=1 -DDATA_CACHE_ENABLE=1 -c -I../Core/Inc -I../Drivers/STM32L0xx_HAL_Driver/Inc -I../Drivers/CMSIS/Device/ST/STM32L0xx/Include -I../Drivers/CMSIS/Include -O0 -ffunction-sections -fdata-sections -Wall -fstack-usage -fcyclomatic-complexity -MMD -MP -MF"Drivers/STM32L0xx_HAL_Driver/Src/stm32l0xx_ll_exti.d" -MT"Drivers/STM32L0xx_HAL_Driver/Src/stm32l0xx_ll_exti.o" --specs=nano.specs -mfloat-abi=soft -mthumb -o "Drivers/STM32L0xx_HAL_Driver/Src/stm32l0xx_ll_exti.o"
arm-none-eabi-gcc "../Drivers/STM32L0xx_HAL_Driver/Src/stm32l0xx_ll_gpio.c" -mcpu=cortex-m0plus -std=gnu11 -g3 -DDEBUG -DSTM32L073xx -DUSE_FULL_LL_DRIVER -DHSE_VALUE=8000000 -DHSE_STARTUP_TIMEOUT=100 -DLSE_STARTUP_TIMEOUT=5000 -DLSE_VALUE=32768 -DMSI_VALUE=2097000 -DHSI_VALUE=16000000 -DLSI_VALUE=37000 -DVDD_VALUE=3300 -DPREFETCH_ENABLE=0 -DINSTRUCTION_CACHE_ENABLE=1 -DDATA_CACHE_ENABLE=1 -c -I../Core/Inc -I../Drivers/STM32L0xx_HAL_Driver/Inc -I../Drivers/CMSIS/Device/ST/STM32L0xx/Include -I../Drivers/CMSIS/Include -O0 -ffunction-sections -fdata-sections -Wall -fstack-usage -fcyclomatic-complexity -MMD -MP -MF"Drivers/STM32L0xx_HAL_Driver/Src/stm32l0xx_ll_gpio.d" -MT"Drivers/STM32L0xx_HAL_Driver/Src/stm32l0xx_ll_gpio.o" --specs=nano.specs -mfloat-abi=soft -mthumb -o "Drivers/STM32L0xx_HAL_Driver/Src/stm32l0xx_ll_gpio.o"
arm-none-eabi-gcc "../Drivers/STM32L0xx_HAL_Driver/Src/stm32l0xx_ll_pwr.c" -mcpu=cortex-m0plus -std=gnu11 -g3 -DDEBUG -DSTM32L073xx -DUSE_FULL_LL_DRIVER -DHSE_VALUE=8000000 -DHSE_STARTUP_TIMEOUT=100 -DLSE_STARTUP_TIMEOUT=5000 -DLSE_VALUE=32768 -DMSI_VALUE=2097000 -DHSI_VALUE=16000000 -DLSI_VALUE=37000 -DVDD_VALUE=3300 -DPREFETCH_ENABLE=0 -DINSTRUCTION_CACHE_ENABLE=1 -DDATA_CACHE_ENABLE=1 -c -I../Core/Inc -I../Drivers/STM32L0xx_HAL_Driver/Inc -I../Drivers/CMSIS/Device/ST/STM32L0xx/Include -I../Drivers/CMSIS/Include -O0 -ffunction-sections -fdata-sections -Wall -fstack-usage -fcyclomatic-complexity -MMD -MP -MF"Drivers/STM32L0xx_HAL_Driver/Src/stm32l0xx_ll_pwr.d" -MT"Drivers/STM32L0xx_HAL_Driver/Src/stm32l0xx_ll_pwr.o" --specs=nano.specs -mfloat-abi=soft -mthumb -o "Drivers/STM32L0xx_HAL_Driver/Src/stm32l0xx_ll_pwr.o"
arm-none-eabi-gcc "../Drivers/STM32L0xx_HAL_Driver/Src/stm32l0xx_ll_rcc.c" -mcpu=cortex-m0plus -std=gnu11 -g3 -DDEBUG -DSTM32L073xx -DUSE_FULL_LL_DRIVER -DHSE_VALUE=8000000 -DHSE_STARTUP_TIMEOUT=100 -DLSE_STARTUP_TIMEOUT=5000 -DLSE_VALUE=32768 -DMSI_VALUE=2097000 -DHSI_VALUE=16000000 -DLSI_VALUE=37000 -DVDD_VALUE=3300 -DPREFETCH_ENABLE=0 -DINSTRUCTION_CACHE_ENABLE=1 -DDATA_CACHE_ENABLE=1 -c -I../Core/Inc -I../Drivers/STM32L0xx_HAL_Driver/Inc -I../Drivers/CMSIS/Device/ST/STM32L0xx/Include -I../Drivers/CMSIS/Include -O0 -ffunction-sections -fdata-sections -Wall -fstack-usage -fcyclomatic-complexity -MMD -MP -MF"Drivers/STM32L0xx_HAL_Driver/Src/stm32l0xx_ll_rcc.d" -MT"Drivers/STM32L0xx_HAL_Driver/Src/stm32l0xx_ll_rcc.o" --specs=nano.specs -mfloat-abi=soft -mthumb -o "Drivers/STM32L0xx_HAL_Driver/Src/stm32l0xx_ll_rcc.o"
arm-none-eabi-gcc "../Drivers/STM32L0xx_HAL_Driver/Src/stm32l0xx_ll_usart.c" -mcpu=cortex-m0plus -std=gnu11 -g3 -DDEBUG -DSTM32L073xx -DUSE_FULL_LL_DRIVER -DHSE_VALUE=8000000 -DHSE_STARTUP_TIMEOUT=100 -DLSE_STARTUP_TIMEOUT=5000 -DLSE_VALUE=32768 -DMSI_VALUE=2097000 -DHSI_VALUE=16000000 -DLSI_VALUE=37000 -DVDD_VALUE=3300 -DPREFETCH_ENABLE=0 -DINSTRUCTION_CACHE_ENABLE=1 -DDATA_CACHE_ENABLE=1 -c -I../Core/Inc -I../Drivers/STM32L0xx_HAL_Driver/Inc -I../Drivers/CMSIS/Device/ST/STM32L0xx/Include -I../Drivers/CMSIS/Include -O0 -ffunction-sections -fdata-sections -Wall -fstack-usage -fcyclomatic-complexity -MMD -MP -MF"Drivers/STM32L0xx_HAL_Driver/Src/stm32l0xx_ll_usart.d" -MT"Drivers/STM32L0xx_HAL_Driver/Src/stm32l0xx_ll_usart.o" --specs=nano.specs -mfloat-abi=soft -mthumb -o "Drivers/STM32L0xx_HAL_Driver/Src/stm32l0xx_ll_usart.o"
arm-none-eabi-gcc "../Drivers/STM32L0xx_HAL_Driver/Src/stm32l0xx_ll_utils.c" -mcpu=cortex-m0plus -std=gnu11 -g3 -DDEBUG -DSTM32L073xx -DUSE_FULL_LL_DRIVER -DHSE_VALUE=8000000 -DHSE_STARTUP_TIMEOUT=100 -DLSE_STARTUP_TIMEOUT=5000 -DLSE_VALUE=32768 -DMSI_VALUE=2097000 -DHSI_VALUE=16000000 -DLSI_VALUE=37000 -DVDD_VALUE=3300 -DPREFETCH_ENABLE=0 -DINSTRUCTION_CACHE_ENABLE=1 -DDATA_CACHE_ENABLE=1 -c -I../Core/Inc -I../Drivers/STM32L0xx_HAL_Driver/Inc -I../Drivers/CMSIS/Device/ST/STM32L0xx/Include -I../Drivers/CMSIS/Include -O0 -ffunction-sections -fdata-sections -Wall -fstack-usage -fcyclomatic-complexity -MMD -MP -MF"Drivers/STM32L0xx_HAL_Driver/Src/stm32l0xx_ll_utils.d" -MT"Drivers/STM32L0xx_HAL_Driver/Src/stm32l0xx_ll_utils.o" --specs=nano.specs -mfloat-abi=soft -mthumb -o "Drivers/STM32L0xx_HAL_Driver/Src/stm32l0xx_ll_utils.o"
arm-none-eabi-gcc -mcpu=cortex-m0plus -g3 -DDEBUG -c -x assembler-with-cpp -MMD -MP -MF"Core/Startup/startup_stm32l073rztx.d" -MT"Core/Startup/startup_stm32l073rztx.o" --specs=nano.specs -mfloat-abi=soft -mthumb -o "Core/Startup/startup_stm32l073rztx.o" "../Core/Startup/startup_stm32l073rztx.s"
arm-none-eabi-gcc "../Core/Src/gpio.c" -mcpu=cortex-m0plus -std=gnu11 -g3 -DDEBUG -DSTM32L073xx -DUSE_FULL_LL_DRIVER -DHSE_VALUE=8000000 -DHSE_STARTUP_TIMEOUT=100 -DLSE_STARTUP_TIMEOUT=5000 -DLSE_VALUE=32768 -DMSI_VALUE=2097000 -DHSI_VALUE=16000000 -DLSI_VALUE=37000 -DVDD_VALUE=3300 -DPREFETCH_ENABLE=0 -DINSTRUCTION_CACHE_ENABLE=1 -DDATA_CACHE_ENABLE=1 -c -I../Core/Inc -I../Drivers/STM32L0xx_HAL_Driver/Inc -I../Drivers/CMSIS/Device/ST/STM32L0xx/Include -I../Drivers/CMSIS/Include -O0 -ffunction-sections -fdata-sections -Wall -fstack-usage -fcyclomatic-complexity -MMD -MP -MF"Core/Src/gpio.d" -MT"Core/Src/gpio.o" --specs=nano.specs -mfloat-abi=soft -mthumb -o "Core/Src/gpio.o"
arm-none-eabi-gcc "../Core/Src/main.c" -mcpu=cortex-m0plus -std=gnu11 -g3 -DDEBUG -DSTM32L073xx -DUSE_FULL_LL_DRIVER -DHSE_VALUE=8000000 -DHSE_STARTUP_TIMEOUT=100 -DLSE_STARTUP_TIMEOUT=5000 -DLSE_VALUE=32768 -DMSI_VALUE=2097000 -DHSI_VALUE=16000000 -DLSI_VALUE=37000 -DVDD_VALUE=3300 -DPREFETCH_ENABLE=0 -DINSTRUCTION_CACHE_ENABLE=1 -DDATA_CACHE_ENABLE=1 -c -I../Core/Inc -I../Drivers/STM32L0xx_HAL_Driver/Inc -I../Drivers/CMSIS/Device/ST/STM32L0xx/Include -I../Drivers/CMSIS/Include -O0 -ffunction-sections -fdata-sections -Wall -fstack-usage -fcyclomatic-complexity -MMD -MP -MF"Core/Src/main.d" -MT"Core/Src/main.o" --specs=nano.specs -mfloat-abi=soft -mthumb -o "Core/Src/main.o"
arm-none-eabi-gcc "../Core/Src/myGpioLib.c" -mcpu=cortex-m0plus -std=gnu11 -g3 -DDEBUG -DSTM32L073xx -DUSE_FULL_LL_DRIVER -DHSE_VALUE=8000000 -DHSE_STARTUP_TIMEOUT=100 -DLSE_STARTUP_TIMEOUT=5000 -DLSE_VALUE=32768 -DMSI_VALUE=2097000 -DHSI_VALUE=16000000 -DLSI_VALUE=37000 -DVDD_VALUE=3300 -DPREFETCH_ENABLE=0 -DINSTRUCTION_CACHE_ENABLE=1 -DDATA_CACHE_ENABLE=1 -c -I../Core/Inc -I../Drivers/STM32L0xx_HAL_Driver/Inc -I../Drivers/CMSIS/Device/ST/STM32L0xx/Include -I../Drivers/CMSIS/Include -O0 -ffunction-sections -fdata-sections -Wall -fstack-usage -fcyclomatic-complexity -MMD -MP -MF"Core/Src/myGpioLib.d" -MT"Core/Src/myGpioLib.o" --specs=nano.specs -mfloat-abi=soft -mthumb -o "Core/Src/myGpioLib.o"
arm-none-eabi-gcc "../Core/Src/retarget.c" -mcpu=cortex-m0plus -std=gnu11 -g3 -DDEBUG -DSTM32L073xx -DUSE_FULL_LL_DRIVER -DHSE_VALUE=8000000 -DHSE_STARTUP_TIMEOUT=100 -DLSE_STARTUP_TIMEOUT=5000 -DLSE_VALUE=32768 -DMSI_VALUE=2097000 -DHSI_VALUE=16000000 -DLSI_VALUE=37000 -DVDD_VALUE=3300 -DPREFETCH_ENABLE=0 -DINSTRUCTION_CACHE_ENABLE=1 -DDATA_CACHE_ENABLE=1 -c -I../Core/Inc -I../Drivers/STM32L0xx_HAL_Driver/Inc -I../Drivers/CMSIS/Device/ST/STM32L0xx/Include -I../Drivers/CMSIS/Include -O0 -ffunction-sections -fdata-sections -Wall -fstack-usage -fcyclomatic-complexity -MMD -MP -MF"Core/Src/retarget.d" -MT"Core/Src/retarget.o" --specs=nano.specs -mfloat-abi=soft -mthumb -o "Core/Src/retarget.o"
arm-none-eabi-gcc "../Core/Src/stm32l0xx_it.c" -mcpu=cortex-m0plus -std=gnu11 -g3 -DDEBUG -DSTM32L073xx -DUSE_FULL_LL_DRIVER -DHSE_VALUE=8000000 -DHSE_STARTUP_TIMEOUT=100 -DLSE_STARTUP_TIMEOUT=5000 -DLSE_VALUE=32768 -DMSI_VALUE=2097000 -DHSI_VALUE=16000000 -DLSI_VALUE=37000 -DVDD_VALUE=3300 -DPREFETCH_ENABLE=0 -DINSTRUCTION_CACHE_ENABLE=1 -DDATA_CACHE_ENABLE=1 -c -I../Core/Inc -I../Drivers/STM32L0xx_HAL_Driver/Inc -I../Drivers/CMSIS/Device/ST/STM32L0xx/Include -I../Drivers/CMSIS/Include -O0 -ffunction-sections -fdata-sections -Wall -fstack-usage -fcyclomatic-complexity -MMD -MP -MF"Core/Src/stm32l0xx_it.d" -MT"Core/Src/stm32l0xx_it.o" --specs=nano.specs -mfloat-abi=soft -mthumb -o "Core/Src/stm32l0xx_it.o"
arm-none-eabi-gcc "../Core/Src/sysmem.c" -mcpu=cortex-m0plus -std=gnu11 -g3 -DDEBUG -DSTM32L073xx -DUSE_FULL_LL_DRIVER -DHSE_VALUE=8000000 -DHSE_STARTUP_TIMEOUT=100 -DLSE_STARTUP_TIMEOUT=5000 -DLSE_VALUE=32768 -DMSI_VALUE=2097000 -DHSI_VALUE=16000000 -DLSI_VALUE=37000 -DVDD_VALUE=3300 -DPREFETCH_ENABLE=0 -DINSTRUCTION_CACHE_ENABLE=1 -DDATA_CACHE_ENABLE=1 -c -I../Core/Inc -I../Drivers/STM32L0xx_HAL_Driver/Inc -I../Drivers/CMSIS/Device/ST/STM32L0xx/Include -I../Drivers/CMSIS/Include -O0 -ffunction-sections -fdata-sections -Wall -fstack-usage -fcyclomatic-complexity -MMD -MP -MF"Core/Src/sysmem.d" -MT"Core/Src/sysmem.o" --specs=nano.specs -mfloat-abi=soft -mthumb -o "Core/Src/sysmem.o"
../Core/Src/myGpioLib.c:8:2: warning: "/*" within comment [-Wcomment]
    8 |  /**@mainpage  SYS3046 course template
      |   
arm-none-eabi-gcc "../Core/Src/system_stm32l0xx.c" -mcpu=cortex-m0plus -std=gnu11 -g3 -DDEBUG -DSTM32L073xx -DUSE_FULL_LL_DRIVER -DHSE_VALUE=8000000 -DHSE_STARTUP_TIMEOUT=100 -DLSE_STARTUP_TIMEOUT=5000 -DLSE_VALUE=32768 -DMSI_VALUE=2097000 -DHSI_VALUE=16000000 -DLSI_VALUE=37000 -DVDD_VALUE=3300 -DPREFETCH_ENABLE=0 -DINSTRUCTION_CACHE_ENABLE=1 -DDATA_CACHE_ENABLE=1 -c -I../Core/Inc -I../Drivers/STM32L0xx_HAL_Driver/Inc -I../Drivers/CMSIS/Device/ST/STM32L0xx/Include -I../Drivers/CMSIS/Include -O0 -ffunction-sections -fdata-sections -Wall -fstack-usage -fcyclomatic-complexity -MMD -MP -MF"Core/Src/system_stm32l0xx.d" -MT"Core/Src/system_stm32l0xx.o" --specs=nano.specs -mfloat-abi=soft -mthumb -o "Core/Src/system_stm32l0xx.o"
arm-none-eabi-gcc "../Core/Src/usart.c" -mcpu=cortex-m0plus -std=gnu11 -g3 -DDEBUG -DSTM32L073xx -DUSE_FULL_LL_DRIVER -DHSE_VALUE=8000000 -DHSE_STARTUP_TIMEOUT=100 -DLSE_STARTUP_TIMEOUT=5000 -DLSE_VALUE=32768 -DMSI_VALUE=2097000 -DHSI_VALUE=16000000 -DLSI_VALUE=37000 -DVDD_VALUE=3300 -DPREFETCH_ENABLE=0 -DINSTRUCTION_CACHE_ENABLE=1 -DDATA_CACHE_ENABLE=1 -c -I../Core/Inc -I../Drivers/STM32L0xx_HAL_Driver/Inc -I../Drivers/CMSIS/Device/ST/STM32L0xx/Include -I../Drivers/CMSIS/Include -O0 -ffunction-sections -fdata-sections -Wall -fstack-usage -fcyclomatic-complexity -MMD -MP -MF"Core/Src/usart.d" -MT"Core/Src/usart.o" --specs=nano.specs -mfloat-abi=soft -mthumb -o "Core/Src/usart.o"
arm-none-eabi-gcc -o "STM32_uartPrintf.elf" @"objects.list"   -mcpu=cortex-m0plus -T"C:\Users\pierr\STM32CubeIDE\workspace_2.0.0\STM32L073_uartPrintf\STM32_uartPrintf\STM32L073RZTX_FLASH.ld" --specs=nosys.specs -Wl,-Map="STM32_uartPrintf.map" -Wl,--gc-sections -static --specs=nano.specs -mfloat-abi=soft -mthumb -Wl,--start-group -lc -lm -Wl,--end-group
C:/ST/STM32CubeIDE_2.0.0/STM32CubeIDE/plugins/com.st.stm32cube.ide.mcu.externaltools.gnu-tools-for-stm32.13.3.rel1.win32_1.0.100.202509120712/tools/bin/../lib/gcc/arm-none-eabi/13.3.1/../../../../arm-none-eabi/bin/ld.exe: warning: STM32_uartPrintf.elf has a LOAD segment with RWX permissions
Finished building target: STM32_uartPrintf.elf
 
arm-none-eabi-size  STM32_uartPrintf.elf 
arm-none-eabi-objdump -h -S STM32_uartPrintf.elf  > "STM32_uartPrintf.list"
   text	   data	    bss	    dec	    hex	filename
  11540	    104	   1912	  13556	   34f4	STM32_uartPrintf.elf
Finished building: default.size.stdout
 
Finished building: STM32_uartPrintf.list
 
17:33:19 **** Incremental Build of configuration Debug for project STM32_uartPrintf ****
make -j12 all 
arm-none-eabi-gcc "../Core/Src/main.c" -mcpu=cortex-m0plus -std=gnu11 -g3 -DDEBUG -DSTM32L073xx -DUSE_FULL_LL_DRIVER -DHSE_VALUE=8000000 -DHSE_STARTUP_TIMEOUT=100 -DLSE_STARTUP_TIMEOUT=5000 -DLSE_VALUE=32768 -DMSI_VALUE=2097000 -DHSI_VALUE=16000000 -DLSI_VALUE=37000 -DVDD_VALUE=3300 -DPREFETCH_ENABLE=0 -DINSTRUCTION_CACHE_ENABLE=1 -DDATA_CACHE_ENABLE=1 -c -I../Core/Inc -I../Drivers/STM32L0xx_HAL_Driver/Inc -I../Drivers/CMSIS/Device/ST/STM32L0xx/Include -I../Drivers/CMSIS/Include -O0 -ffunction-sections -fdata-sections -Wall -fstack-usage -fcyclomatic-complexity -MMD -MP -MF"Core/Src/main.d" -MT"Core/Src/main.o" --specs=nano.specs -mfloat-abi=soft -mthumb -o "Core/Src/main.o"
arm-none-eabi-gcc "../Core/Src/myGpioLib.c" -mcpu=cortex-m0plus -std=gnu11 -g3 -DDEBUG -DSTM32L073xx -DUSE_FULL_LL_DRIVER -DHSE_VALUE=8000000 -DHSE_STARTUP_TIMEOUT=100 -DLSE_STARTUP_TIMEOUT=5000 -DLSE_VALUE=32768 -DMSI_VALUE=2097000 -DHSI_VALUE=16000000 -DLSI_VALUE=37000 -DVDD_VALUE=3300 -DPREFETCH_ENABLE=0 -DINSTRUCTION_CACHE_ENABLE=1 -DDATA_CACHE_ENABLE=1 -c -I../Core/Inc -I../Drivers/STM32L0xx_HAL_Driver/Inc -I../Drivers/CMSIS/Device/ST/STM32L0xx/Include -I../Drivers/CMSIS/Include -O0 -ffunction-sections -fdata-sections -Wall -fstack-usage -fcyclomatic-complexity -MMD -MP -MF"Core/Src/myGpioLib.d" -MT"Core/Src/myGpioLib.o" --specs=nano.specs -mfloat-abi=soft -mthumb -o "Core/Src/myGpioLib.o"
arm-none-eabi-gcc -o "STM32_uartPrintf.elf" @"objects.list"   -mcpu=cortex-m0plus -T"C:\Users\pierr\STM32CubeIDE\workspace_2.0.0\STM32L073_uartPrintf\STM32_uartPrintf\STM32L073RZTX_FLASH.ld" --specs=nosys.specs -Wl,-Map="STM32_uartPrintf.map" -Wl,--gc-sections -static --specs=nano.specs -mfloat-abi=soft -mthumb -Wl,--start-group -lc -lm -Wl,--end-group
C:/ST/STM32CubeIDE_2.0.0/STM32CubeIDE/plugins/com.st.stm32cube.ide.mcu.externaltools.gnu-tools-for-stm32.13.3.rel1.win32_1.0.100.202509120712/tools/bin/../lib/gcc/arm-none-eabi/13.3.1/../../../../arm-none-eabi/bin/ld.exe: warning: STM32_uartPrintf.elf has a LOAD segment with RWX permissions
Finished building target: STM32_uartPrintf.elf
 
arm-none-eabi-size  STM32_uartPrintf.elf 
arm-none-eabi-objdump -h -S STM32_uartPrintf.elf  > "STM32_uartPrintf.list"
   text	   data	    bss	    dec	    hex	filename
  12056	    104	   1912	  14072	   36f8	STM32_uartPrintf.elf
Finished building: default.size.stdout
 
Finished building: STM32_uartPrintf.list
 
17:34:57 **** Incremental Build of configuration Debug for project STM32_uartPrintf ****
make -j12 all 
arm-none-eabi-size  STM32_uartPrintf.elf 
   text	   data	    bss	    dec	    hex	filename
  12056	    104	   1912	  14072	   36f8	STM32_uartPrintf.elf
Finished building: default.size.stdout
 
17:35:03 **** Incremental Build of configuration Debug for project STM32_uartPrintf ****
make -j12 all 
arm-none-eabi-size  STM32_uartPrintf.elf 
   text	   data	    bss	    dec	    hex	filename
  12056	    104	   1912	  14072	   36f8	STM32_uartPrintf.elf
Finished building: default.size.stdout
 
13:55:20 **** Incremental Build of configuration Debug for project STM32_uartPrintf ****
make -j12 all 
arm-none-eabi-gcc "../Core/Src/main.c" -mcpu=cortex-m0plus -std=gnu11 -g3 -DDEBUG -DSTM32L073xx -DUSE_FULL_LL_DRIVER -DHSE_VALUE=8000000 -DHSE_STARTUP_TIMEOUT=100 -DLSE_STARTUP_TIMEOUT=5000 -DLSE_VALUE=32768 -DMSI_VALUE=2097000 -DHSI_VALUE=16000000 -DLSI_VALUE=37000 -DVDD_VALUE=3300 -DPREFETCH_ENABLE=0 -DINSTRUCTION_CACHE_ENABLE=1 -DDATA_CACHE_ENABLE=1 -c -I../Core/Inc -I../Drivers/STM32L0xx_HAL_Driver/Inc -I../Drivers/CMSIS/Device/ST/STM32L0xx/Include -I../Drivers/CMSIS/Include -O0 -ffunction-sections -fdata-sections -Wall -fstack-usage -fcyclomatic-complexity -MMD -MP -MF"Core/Src/main.d" -MT"Core/Src/main.o" --specs=nano.specs -mfloat-abi=soft -mthumb -o "Core/Src/main.o"
arm-none-eabi-gcc "../Core/Src/myGpioLib.c" -mcpu=cortex-m0plus -std=gnu11 -g3 -DDEBUG -DSTM32L073xx -DUSE_FULL_LL_DRIVER -DHSE_VALUE=8000000 -DHSE_STARTUP_TIMEOUT=100 -DLSE_STARTUP_TIMEOUT=5000 -DLSE_VALUE=32768 -DMSI_VALUE=2097000 -DHSI_VALUE=16000000 -DLSI_VALUE=37000 -DVDD_VALUE=3300 -DPREFETCH_ENABLE=0 -DINSTRUCTION_CACHE_ENABLE=1 -DDATA_CACHE_ENABLE=1 -c -I../Core/Inc -I../Drivers/STM32L0xx_HAL_Driver/Inc -I../Drivers/CMSIS/Device/ST/STM32L0xx/Include -I../Drivers/CMSIS/Include -O0 -ffunction-sections -fdata-sections -Wall -fstack-usage -fcyclomatic-complexity -MMD -MP -MF"Core/Src/myGpioLib.d" -MT"Core/Src/myGpioLib.o" --specs=nano.specs -mfloat-abi=soft -mthumb -o "Core/Src/myGpioLib.o"
arm-none-eabi-gcc "../Core/Src/stm32l0xx_it.c" -mcpu=cortex-m0plus -std=gnu11 -g3 -DDEBUG -DSTM32L073xx -DUSE_FULL_LL_DRIVER -DHSE_VALUE=8000000 -DHSE_STARTUP_TIMEOUT=100 -DLSE_STARTUP_TIMEOUT=5000 -DLSE_VALUE=32768 -DMSI_VALUE=2097000 -DHSI_VALUE=16000000 -DLSI_VALUE=37000 -DVDD_VALUE=3300 -DPREFETCH_ENABLE=0 -DINSTRUCTION_CACHE_ENABLE=1 -DDATA_CACHE_ENABLE=1 -c -I../Core/Inc -I../Drivers/STM32L0xx_HAL_Driver/Inc -I../Drivers/CMSIS/Device/ST/STM32L0xx/Include -I../Drivers/CMSIS/Include -O0 -ffunction-sections -fdata-sections -Wall -fstack-usage -fcyclomatic-complexity -MMD -MP -MF"Core/Src/stm32l0xx_it.d" -MT"Core/Src/stm32l0xx_it.o" --specs=nano.specs -mfloat-abi=soft -mthumb -o "Core/Src/stm32l0xx_it.o"
arm-none-eabi-gcc -o "STM32_uartPrintf.elf" @"objects.list"   -mcpu=cortex-m0plus -T"C:\Users\pierr\STM32CubeIDE\workspace_2.0.0\STM32L073_uartPrintf\STM32_uartPrintf\STM32L073RZTX_FLASH.ld" --specs=nosys.specs -Wl,-Map="STM32_uartPrintf.map" -Wl,--gc-sections -static --specs=nano.specs -mfloat-abi=soft -mthumb -Wl,--start-group -lc -lm -Wl,--end-group
C:/ST/STM32CubeIDE_2.0.0/STM32CubeIDE/plugins/com.st.stm32cube.ide.mcu.externaltools.gnu-tools-for-stm32.13.3.rel1.win32_1.0.100.202509120712/tools/bin/../lib/gcc/arm-none-eabi/13.3.1/../../../../arm-none-eabi/bin/ld.exe: warning: STM32_uartPrintf.elf has a LOAD segment with RWX permissions
Finished building target: STM32_uartPrintf.elf
 
arm-none-eabi-size  STM32_uartPrintf.elf 
arm-none-eabi-objdump -h -S STM32_uartPrintf.elf  > "STM32_uartPrintf.list"
   text	   data	    bss	    dec	    hex	filename
  12208	    104	   1912	  14224	   3790	STM32_uartPrintf.elf
Finished building: default.size.stdout
 
Finished building: STM32_uartPrintf.list
 
13:56:46 **** Incremental Build of configuration Debug for project STM32_uartPrintf ****
make -j12 all 
arm-none-eabi-gcc "../Core/Src/stm32l0xx_it.c" -mcpu=cortex-m0plus -std=gnu11 -g3 -DDEBUG -DSTM32L073xx -DUSE_FULL_LL_DRIVER -DHSE_VALUE=8000000 -DHSE_STARTUP_TIMEOUT=100 -DLSE_STARTUP_TIMEOUT=5000 -DLSE_VALUE=32768 -DMSI_VALUE=2097000 -DHSI_VALUE=16000000 -DLSI_VALUE=37000 -DVDD_VALUE=3300 -DPREFETCH_ENABLE=0 -DINSTRUCTION_CACHE_ENABLE=1 -DDATA_CACHE_ENABLE=1 -c -I../Core/Inc -I../Drivers/STM32L0xx_HAL_Driver/Inc -I../Drivers/CMSIS/Device/ST/STM32L0xx/Include -I../Drivers/CMSIS/Include -O0 -ffunction-sections -fdata-sections -Wall -fstack-usage -fcyclomatic-complexity -MMD -MP -MF"Core/Src/stm32l0xx_it.d" -MT"Core/Src/stm32l0xx_it.o" --specs=nano.specs -mfloat-abi=soft -mthumb -o "Core/Src/stm32l0xx_it.o"
../Core/Src/stm32l0xx_it.c: In function 'SysTick_Handler':
../Core/Src/stm32l0xx_it.c:131:9: warning: implicit declaration of function 'printf' [-Wimplicit-function-declaration]
  131 |         printf("test valeur SysTick_Handler : %d\n", get_tick);
      |         ^~~~~~
../Core/Src/stm32l0xx_it.c:26:1: note: include '<stdio.h>' or provide a declaration of 'printf'
   25 | #include "usart.h"
  +++ |+#include <stdio.h>
   26 | /* USER CODE END Includes */
../Core/Src/stm32l0xx_it.c:131:9: warning: incompatible implicit declaration of built-in function 'printf' [-Wbuiltin-declaration-mismatch]
  131 |         printf("test valeur SysTick_Handler : %d\n", get_tick);
      |         ^~~~~~
../Core/Src/stm32l0xx_it.c:131:9: note: include '<stdio.h>' or provide a declaration of 'printf'
../Core/Src/stm32l0xx_it.c:131:48: warning: format '%d' expects argument of type 'int', but argument 2 has type 'uint32_t' {aka 'long unsigned int'} [-Wformat=]
  131 |         printf("test valeur SysTick_Handler : %d\n", get_tick);
      |                                               ~^     ~~~~~~~~
      |                                                |     |
      |                                                int   uint32_t {aka long unsigned int}
      |                                               %ld
arm-none-eabi-gcc -o "STM32_uartPrintf.elf" @"objects.list"   -mcpu=cortex-m0plus -T"C:\Users\pierr\STM32CubeIDE\workspace_2.0.0\STM32L073_uartPrintf\STM32_uartPrintf\STM32L073RZTX_FLASH.ld" --specs=nosys.specs -Wl,-Map="STM32_uartPrintf.map" -Wl,--gc-sections -static --specs=nano.specs -mfloat-abi=soft -mthumb -Wl,--start-group -lc -lm -Wl,--end-group
C:/ST/STM32CubeIDE_2.0.0/STM32CubeIDE/plugins/com.st.stm32cube.ide.mcu.externaltools.gnu-tools-for-stm32.13.3.rel1.win32_1.0.100.202509120712/tools/bin/../lib/gcc/arm-none-eabi/13.3.1/../../../../arm-none-eabi/bin/ld.exe: warning: STM32_uartPrintf.elf has a LOAD segment with RWX permissions
Finished building target: STM32_uartPrintf.elf
 
arm-none-eabi-size  STM32_uartPrintf.elf 
arm-none-eabi-objdump -h -S STM32_uartPrintf.elf  > "STM32_uartPrintf.list"
   text	   data	    bss	    dec	    hex	filename
  12264	    104	   1912	  14280	   37c8	STM32_uartPrintf.elf
Finished building: default.size.stdout
 
Finished building: STM32_uartPrintf.list
 
14:02:13 **** Incremental Build of configuration Debug for project STM32_uartPrintf ****
make -j12 all 
arm-none-eabi-gcc "../Core/Src/main.c" -mcpu=cortex-m0plus -std=gnu11 -g3 -DDEBUG -DSTM32L073xx -DUSE_FULL_LL_DRIVER -DHSE_VALUE=8000000 -DHSE_STARTUP_TIMEOUT=100 -DLSE_STARTUP_TIMEOUT=5000 -DLSE_VALUE=32768 -DMSI_VALUE=2097000 -DHSI_VALUE=16000000 -DLSI_VALUE=37000 -DVDD_VALUE=3300 -DPREFETCH_ENABLE=0 -DINSTRUCTION_CACHE_ENABLE=1 -DDATA_CACHE_ENABLE=1 -c -I../Core/Inc -I../Drivers/STM32L0xx_HAL_Driver/Inc -I../Drivers/CMSIS/Device/ST/STM32L0xx/Include -I../Drivers/CMSIS/Include -O0 -ffunction-sections -fdata-sections -Wall -fstack-usage -fcyclomatic-complexity -MMD -MP -MF"Core/Src/main.d" -MT"Core/Src/main.o" --specs=nano.specs -mfloat-abi=soft -mthumb -o "Core/Src/main.o"
arm-none-eabi-gcc "../Core/Src/stm32l0xx_it.c" -mcpu=cortex-m0plus -std=gnu11 -g3 -DDEBUG -DSTM32L073xx -DUSE_FULL_LL_DRIVER -DHSE_VALUE=8000000 -DHSE_STARTUP_TIMEOUT=100 -DLSE_STARTUP_TIMEOUT=5000 -DLSE_VALUE=32768 -DMSI_VALUE=2097000 -DHSI_VALUE=16000000 -DLSI_VALUE=37000 -DVDD_VALUE=3300 -DPREFETCH_ENABLE=0 -DINSTRUCTION_CACHE_ENABLE=1 -DDATA_CACHE_ENABLE=1 -c -I../Core/Inc -I../Drivers/STM32L0xx_HAL_Driver/Inc -I../Drivers/CMSIS/Device/ST/STM32L0xx/Include -I../Drivers/CMSIS/Include -O0 -ffunction-sections -fdata-sections -Wall -fstack-usage -fcyclomatic-complexity -MMD -MP -MF"Core/Src/stm32l0xx_it.d" -MT"Core/Src/stm32l0xx_it.o" --specs=nano.specs -mfloat-abi=soft -mthumb -o "Core/Src/stm32l0xx_it.o"
../Core/Src/main.c: In function 'main':
../Core/Src/main.c:148:46: error: 'g_tickMs' undeclared (first use in this function)
  148 |           printf("Tick actuel : %lu ms\r\n", g_tickMs);
      |                                              ^~~~~~~~
../Core/Src/main.c:148:46: note: each undeclared identifier is reported only once for each function it appears in
make: *** [Core/Src/subdir.mk:40: Core/Src/main.o] Error 1
make: *** Waiting for unfinished jobs....
"make -j12 all" terminated with exit code 2. Build might be incomplete.
14:02:30 **** Incremental Build of configuration Debug for project STM32_uartPrintf ****
make -j12 all 
arm-none-eabi-gcc "../Core/Src/main.c" -mcpu=cortex-m0plus -std=gnu11 -g3 -DDEBUG -DSTM32L073xx -DUSE_FULL_LL_DRIVER -DHSE_VALUE=8000000 -DHSE_STARTUP_TIMEOUT=100 -DLSE_STARTUP_TIMEOUT=5000 -DLSE_VALUE=32768 -DMSI_VALUE=2097000 -DHSI_VALUE=16000000 -DLSI_VALUE=37000 -DVDD_VALUE=3300 -DPREFETCH_ENABLE=0 -DINSTRUCTION_CACHE_ENABLE=1 -DDATA_CACHE_ENABLE=1 -c -I../Core/Inc -I../Drivers/STM32L0xx_HAL_Driver/Inc -I../Drivers/CMSIS/Device/ST/STM32L0xx/Include -I../Drivers/CMSIS/Include -O0 -ffunction-sections -fdata-sections -Wall -fstack-usage -fcyclomatic-complexity -MMD -MP -MF"Core/Src/main.d" -MT"Core/Src/main.o" --specs=nano.specs -mfloat-abi=soft -mthumb -o "Core/Src/main.o"
../Core/Src/main.c: In function 'main':
../Core/Src/main.c:148:46: error: 'get_ticket' undeclared (first use in this function); did you mean 'get_tick'?
  148 |           printf("Tick actuel : %lu ms\r\n", get_ticket);
      |                                              ^~~~~~~~~~
      |                                              get_tick
../Core/Src/main.c:148:46: note: each undeclared identifier is reported only once for each function it appears in
make: *** [Core/Src/subdir.mk:40: Core/Src/main.o] Error 1
"make -j12 all" terminated with exit code 2. Build might be incomplete.
14:02:40 **** Incremental Build of configuration Debug for project STM32_uartPrintf ****
make -j12 all 
arm-none-eabi-gcc "../Core/Src/main.c" -mcpu=cortex-m0plus -std=gnu11 -g3 -DDEBUG -DSTM32L073xx -DUSE_FULL_LL_DRIVER -DHSE_VALUE=8000000 -DHSE_STARTUP_TIMEOUT=100 -DLSE_STARTUP_TIMEOUT=5000 -DLSE_VALUE=32768 -DMSI_VALUE=2097000 -DHSI_VALUE=16000000 -DLSI_VALUE=37000 -DVDD_VALUE=3300 -DPREFETCH_ENABLE=0 -DINSTRUCTION_CACHE_ENABLE=1 -DDATA_CACHE_ENABLE=1 -c -I../Core/Inc -I../Drivers/STM32L0xx_HAL_Driver/Inc -I../Drivers/CMSIS/Device/ST/STM32L0xx/Include -I../Drivers/CMSIS/Include -O0 -ffunction-sections -fdata-sections -Wall -fstack-usage -fcyclomatic-complexity -MMD -MP -MF"Core/Src/main.d" -MT"Core/Src/main.o" --specs=nano.specs -mfloat-abi=soft -mthumb -o "Core/Src/main.o"
arm-none-eabi-gcc -o "STM32_uartPrintf.elf" @"objects.list"   -mcpu=cortex-m0plus -T"C:\Users\pierr\STM32CubeIDE\workspace_2.0.0\STM32L073_uartPrintf\STM32_uartPrintf\STM32L073RZTX_FLASH.ld" --specs=nosys.specs -Wl,-Map="STM32_uartPrintf.map" -Wl,--gc-sections -static --specs=nano.specs -mfloat-abi=soft -mthumb -Wl,--start-group -lc -lm -Wl,--end-group
C:/ST/STM32CubeIDE_2.0.0/STM32CubeIDE/plugins/com.st.stm32cube.ide.mcu.externaltools.gnu-tools-for-stm32.13.3.rel1.win32_1.0.100.202509120712/tools/bin/../lib/gcc/arm-none-eabi/13.3.1/../../../../arm-none-eabi/bin/ld.exe: warning: STM32_uartPrintf.elf has a LOAD segment with RWX permissions
Finished building target: STM32_uartPrintf.elf
 
arm-none-eabi-size  STM32_uartPrintf.elf 
arm-none-eabi-objdump -h -S STM32_uartPrintf.elf  > "STM32_uartPrintf.list"
   text	   data	    bss	    dec	    hex	filename
  12264	    104	   1912	  14280	   37c8	STM32_uartPrintf.elf
Finished building: default.size.stdout
 
Finished building: STM32_uartPrintf.list
 
14:03:02 **** Incremental Build of configuration Debug for project STM32_uartPrintf ****
make -j12 all 
arm-none-eabi-size  STM32_uartPrintf.elf 
   text	   data	    bss	    dec	    hex	filename
  12264	    104	   1912	  14280	   37c8	STM32_uartPrintf.elf
Finished building: default.size.stdout
 
14:05:21 **** Incremental Build of configuration Debug for project STM32_uartPrintf ****
make -j12 all 
arm-none-eabi-size  STM32_uartPrintf.elf 
   text	   data	    bss	    dec	    hex	filename
  12264	    104	   1912	  14280	   37c8	STM32_uartPrintf.elf
Finished building: default.size.stdout
 
14:05:57 **** Incremental Build of configuration Debug for project STM32_uartPrintf ****
make -j12 all 
arm-none-eabi-size  STM32_uartPrintf.elf 
   text	   data	    bss	    dec	    hex	filename
  12264	    104	   1912	  14280	   37c8	STM32_uartPrintf.elf
Finished building: default.size.stdout
 
14:07:55 **** Incremental Build of configuration Debug for project STM32_uartPrintf ****
make -j12 all 
arm-none-eabi-size  STM32_uartPrintf.elf 
   text	   data	    bss	    dec	    hex	filename
  12264	    104	   1912	  14280	   37c8	STM32_uartPrintf.elf
Finished building: default.size.stdout
 
14:11:55 **** Incremental Build of configuration Debug for project STM32_uartPrintf ****
make -j12 all 
arm-none-eabi-gcc "../Core/Src/myGpioLib.c" -mcpu=cortex-m0plus -std=gnu11 -g3 -DDEBUG -DSTM32L073xx -DUSE_FULL_LL_DRIVER -DHSE_VALUE=8000000 -DHSE_STARTUP_TIMEOUT=100 -DLSE_STARTUP_TIMEOUT=5000 -DLSE_VALUE=32768 -DMSI_VALUE=2097000 -DHSI_VALUE=16000000 -DLSI_VALUE=37000 -DVDD_VALUE=3300 -DPREFETCH_ENABLE=0 -DINSTRUCTION_CACHE_ENABLE=1 -DDATA_CACHE_ENABLE=1 -c -I../Core/Inc -I../Drivers/STM32L0xx_HAL_Driver/Inc -I../Drivers/CMSIS/Device/ST/STM32L0xx/Include -I../Drivers/CMSIS/Include -O0 -ffunction-sections -fdata-sections -Wall -fstack-usage -fcyclomatic-complexity -MMD -MP -MF"Core/Src/myGpioLib.d" -MT"Core/Src/myGpioLib.o" --specs=nano.specs -mfloat-abi=soft -mthumb -o "Core/Src/myGpioLib.o"
arm-none-eabi-gcc -o "STM32_uartPrintf.elf" @"objects.list"   -mcpu=cortex-m0plus -T"C:\Users\pierr\STM32CubeIDE\workspace_2.0.0\STM32L073_uartPrintf\STM32_uartPrintf\STM32L073RZTX_FLASH.ld" --specs=nosys.specs -Wl,-Map="STM32_uartPrintf.map" -Wl,--gc-sections -static --specs=nano.specs -mfloat-abi=soft -mthumb -Wl,--start-group -lc -lm -Wl,--end-group
C:/ST/STM32CubeIDE_2.0.0/STM32CubeIDE/plugins/com.st.stm32cube.ide.mcu.externaltools.gnu-tools-for-stm32.13.3.rel1.win32_1.0.100.202509120712/tools/bin/../lib/gcc/arm-none-eabi/13.3.1/../../../../arm-none-eabi/bin/ld.exe: warning: STM32_uartPrintf.elf has a LOAD segment with RWX permissions
Finished building target: STM32_uartPrintf.elf
 
arm-none-eabi-size  STM32_uartPrintf.elf 
arm-none-eabi-objdump -h -S STM32_uartPrintf.elf  > "STM32_uartPrintf.list"
   text	   data	    bss	    dec	    hex	filename
  12264	    104	   1912	  14280	   37c8	STM32_uartPrintf.elf
Finished building: default.size.stdout
 
Finished building: STM32_uartPrintf.list
 
14:12:02 **** Incremental Build of configuration Debug for project STM32_uartPrintf ****
make -j12 all 
arm-none-eabi-size  STM32_uartPrintf.elf 
   text	   data	    bss	    dec	    hex	filename
  12264	    104	   1912	  14280	   37c8	STM32_uartPrintf.elf
Finished building: default.size.stdout
 
14:17:08 **** Incremental Build of configuration Debug for project STM32_uartPrintf ****
make -j12 all 
arm-none-eabi-gcc "../Core/Src/main.c" -mcpu=cortex-m0plus -std=gnu11 -g3 -DDEBUG -DSTM32L073xx -DUSE_FULL_LL_DRIVER -DHSE_VALUE=8000000 -DHSE_STARTUP_TIMEOUT=100 -DLSE_STARTUP_TIMEOUT=5000 -DLSE_VALUE=32768 -DMSI_VALUE=2097000 -DHSI_VALUE=16000000 -DLSI_VALUE=37000 -DVDD_VALUE=3300 -DPREFETCH_ENABLE=0 -DINSTRUCTION_CACHE_ENABLE=1 -DDATA_CACHE_ENABLE=1 -c -I../Core/Inc -I../Drivers/STM32L0xx_HAL_Driver/Inc -I../Drivers/CMSIS/Device/ST/STM32L0xx/Include -I../Drivers/CMSIS/Include -O0 -ffunction-sections -fdata-sections -Wall -fstack-usage -fcyclomatic-complexity -MMD -MP -MF"Core/Src/main.d" -MT"Core/Src/main.o" --specs=nano.specs -mfloat-abi=soft -mthumb -o "Core/Src/main.o"
arm-none-eabi-gcc -o "STM32_uartPrintf.elf" @"objects.list"   -mcpu=cortex-m0plus -T"C:\Users\pierr\STM32CubeIDE\workspace_2.0.0\STM32L073_uartPrintf\STM32_uartPrintf\STM32L073RZTX_FLASH.ld" --specs=nosys.specs -Wl,-Map="STM32_uartPrintf.map" -Wl,--gc-sections -static --specs=nano.specs -mfloat-abi=soft -mthumb -Wl,--start-group -lc -lm -Wl,--end-group
C:/ST/STM32CubeIDE_2.0.0/STM32CubeIDE/plugins/com.st.stm32cube.ide.mcu.externaltools.gnu-tools-for-stm32.13.3.rel1.win32_1.0.100.202509120712/tools/bin/../lib/gcc/arm-none-eabi/13.3.1/../../../../arm-none-eabi/bin/ld.exe: warning: STM32_uartPrintf.elf has a LOAD segment with RWX permissions
Finished building target: STM32_uartPrintf.elf
 
arm-none-eabi-size  STM32_uartPrintf.elf 
arm-none-eabi-objdump -h -S STM32_uartPrintf.elf  > "STM32_uartPrintf.list"
   text	   data	    bss	    dec	    hex	filename
  12296	    104	   1912	  14312	   37e8	STM32_uartPrintf.elf
Finished building: default.size.stdout
 
Finished building: STM32_uartPrintf.list
 
14:17:15 **** Incremental Build of configuration Debug for project STM32_uartPrintf ****
make -j12 all 
arm-none-eabi-size  STM32_uartPrintf.elf 
   text	   data	    bss	    dec	    hex	filename
  12296	    104	   1912	  14312	   37e8	STM32_uartPrintf.elf
Finished building: default.size.stdout
 
14:19:31 **** Incremental Build of configuration Debug for project STM32_uartPrintf ****
make -j12 all 
arm-none-eabi-size  STM32_uartPrintf.elf 
   text	   data	    bss	    dec	    hex	filename
  12296	    104	   1912	  14312	   37e8	STM32_uartPrintf.elf
Finished building: default.size.stdout
 
14:19:34 **** Incremental Build of configuration Debug for project STM32_uartPrintf ****
make -j12 all 
arm-none-eabi-size  STM32_uartPrintf.elf 
   text	   data	    bss	    dec	    hex	filename
  12296	    104	   1912	  14312	   37e8	STM32_uartPrintf.elf
Finished building: default.size.stdout
 
14:27:02 **** Incremental Build of configuration Debug for project STM32_uartPrintf ****
make -j12 all 
arm-none-eabi-gcc "../Core/Src/myGpioLib.c" -mcpu=cortex-m0plus -std=gnu11 -g3 -DDEBUG -DSTM32L073xx -DUSE_FULL_LL_DRIVER -DHSE_VALUE=8000000 -DHSE_STARTUP_TIMEOUT=100 -DLSE_STARTUP_TIMEOUT=5000 -DLSE_VALUE=32768 -DMSI_VALUE=2097000 -DHSI_VALUE=16000000 -DLSI_VALUE=37000 -DVDD_VALUE=3300 -DPREFETCH_ENABLE=0 -DINSTRUCTION_CACHE_ENABLE=1 -DDATA_CACHE_ENABLE=1 -c -I../Core/Inc -I../Drivers/STM32L0xx_HAL_Driver/Inc -I../Drivers/CMSIS/Device/ST/STM32L0xx/Include -I../Drivers/CMSIS/Include -O0 -ffunction-sections -fdata-sections -Wall -fstack-usage -fcyclomatic-complexity -MMD -MP -MF"Core/Src/myGpioLib.d" -MT"Core/Src/myGpioLib.o" --specs=nano.specs -mfloat-abi=soft -mthumb -o "Core/Src/myGpioLib.o"
../Core/Src/myGpioLib.c: In function 'LED2_On_Duration':
../Core/Src/myGpioLib.c:70:9: warning: implicit declaration of function 'pritnf'; did you mean 'printf'? [-Wimplicit-function-declaration]
   70 |         pritnf("%lu \n", (unsigned long) get_tick);
      |         ^~~~~~
      |         printf
arm-none-eabi-gcc -o "STM32_uartPrintf.elf" @"objects.list"   -mcpu=cortex-m0plus -T"C:\Users\pierr\STM32CubeIDE\workspace_2.0.0\STM32L073_uartPrintf\STM32_uartPrintf\STM32L073RZTX_FLASH.ld" --specs=nosys.specs -Wl,-Map="STM32_uartPrintf.map" -Wl,--gc-sections -static --specs=nano.specs -mfloat-abi=soft -mthumb -Wl,--start-group -lc -lm -Wl,--end-group
C:/ST/STM32CubeIDE_2.0.0/STM32CubeIDE/plugins/com.st.stm32cube.ide.mcu.externaltools.gnu-tools-for-stm32.13.3.rel1.win32_1.0.100.202509120712/tools/bin/../lib/gcc/arm-none-eabi/13.3.1/../../../../arm-none-eabi/bin/ld.exe: warning: STM32_uartPrintf.elf has a LOAD segment with RWX permissions
C:/ST/STM32CubeIDE_2.0.0/STM32CubeIDE/plugins/com.st.stm32cube.ide.mcu.externaltools.gnu-tools-for-stm32.13.3.rel1.win32_1.0.100.202509120712/tools/bin/../lib/gcc/arm-none-eabi/13.3.1/../../../../arm-none-eabi/bin/ld.exe: ./Core/Src/myGpioLib.o: in function `LED2_On_Duration':
C:/Users/pierr/STM32CubeIDE/workspace_2.0.0/STM32L073_uartPrintf/STM32_uartPrintf/Debug/../Core/Src/myGpioLib.c:70:(.text.LED2_On_Duration+0x20): undefined reference to `pritnf'
collect2.exe: error: ld returned 1 exit status
make: *** [makefile:64: STM32_uartPrintf.elf] Error 1
"make -j12 all" terminated with exit code 2. Build might be incomplete.
14:28:20 **** Incremental Build of configuration Debug for project STM32_uartPrintf ****
make -j12 all 
arm-none-eabi-gcc "../Core/Src/myGpioLib.c" -mcpu=cortex-m0plus -std=gnu11 -g3 -DDEBUG -DSTM32L073xx -DUSE_FULL_LL_DRIVER -DHSE_VALUE=8000000 -DHSE_STARTUP_TIMEOUT=100 -DLSE_STARTUP_TIMEOUT=5000 -DLSE_VALUE=32768 -DMSI_VALUE=2097000 -DHSI_VALUE=16000000 -DLSI_VALUE=37000 -DVDD_VALUE=3300 -DPREFETCH_ENABLE=0 -DINSTRUCTION_CACHE_ENABLE=1 -DDATA_CACHE_ENABLE=1 -c -I../Core/Inc -I../Drivers/STM32L0xx_HAL_Driver/Inc -I../Drivers/CMSIS/Device/ST/STM32L0xx/Include -I../Drivers/CMSIS/Include -O0 -ffunction-sections -fdata-sections -Wall -fstack-usage -fcyclomatic-complexity -MMD -MP -MF"Core/Src/myGpioLib.d" -MT"Core/Src/myGpioLib.o" --specs=nano.specs -mfloat-abi=soft -mthumb -o "Core/Src/myGpioLib.o"
arm-none-eabi-gcc -o "STM32_uartPrintf.elf" @"objects.list"   -mcpu=cortex-m0plus -T"C:\Users\pierr\STM32CubeIDE\workspace_2.0.0\STM32L073_uartPrintf\STM32_uartPrintf\STM32L073RZTX_FLASH.ld" --specs=nosys.specs -Wl,-Map="STM32_uartPrintf.map" -Wl,--gc-sections -static --specs=nano.specs -mfloat-abi=soft -mthumb -Wl,--start-group -lc -lm -Wl,--end-group
C:/ST/STM32CubeIDE_2.0.0/STM32CubeIDE/plugins/com.st.stm32cube.ide.mcu.externaltools.gnu-tools-for-stm32.13.3.rel1.win32_1.0.100.202509120712/tools/bin/../lib/gcc/arm-none-eabi/13.3.1/../../../../arm-none-eabi/bin/ld.exe: warning: STM32_uartPrintf.elf has a LOAD segment with RWX permissions
Finished building target: STM32_uartPrintf.elf
 
arm-none-eabi-size  STM32_uartPrintf.elf 
arm-none-eabi-objdump -h -S STM32_uartPrintf.elf  > "STM32_uartPrintf.list"
   text	   data	    bss	    dec	    hex	filename
  12328	    104	   1912	  14344	   3808	STM32_uartPrintf.elf
Finished building: default.size.stdout
 
Finished building: STM32_uartPrintf.list
 
14:28:29 **** Incremental Build of configuration Debug for project STM32_uartPrintf ****
make -j12 all 
arm-none-eabi-size  STM32_uartPrintf.elf 
   text	   data	    bss	    dec	    hex	filename
  12328	    104	   1912	  14344	   3808	STM32_uartPrintf.elf
Finished building: default.size.stdout
 
14:31:10 **** Incremental Build of configuration Debug for project STM32_uartPrintf ****
make -j12 all 
arm-none-eabi-gcc "../Core/Src/main.c" -mcpu=cortex-m0plus -std=gnu11 -g3 -DDEBUG -DSTM32L073xx -DUSE_FULL_LL_DRIVER -DHSE_VALUE=8000000 -DHSE_STARTUP_TIMEOUT=100 -DLSE_STARTUP_TIMEOUT=5000 -DLSE_VALUE=32768 -DMSI_VALUE=2097000 -DHSI_VALUE=16000000 -DLSI_VALUE=37000 -DVDD_VALUE=3300 -DPREFETCH_ENABLE=0 -DINSTRUCTION_CACHE_ENABLE=1 -DDATA_CACHE_ENABLE=1 -c -I../Core/Inc -I../Drivers/STM32L0xx_HAL_Driver/Inc -I../Drivers/CMSIS/Device/ST/STM32L0xx/Include -I../Drivers/CMSIS/Include -O0 -ffunction-sections -fdata-sections -Wall -fstack-usage -fcyclomatic-complexity -MMD -MP -MF"Core/Src/main.d" -MT"Core/Src/main.o" --specs=nano.specs -mfloat-abi=soft -mthumb -o "Core/Src/main.o"
arm-none-eabi-gcc -o "STM32_uartPrintf.elf" @"objects.list"   -mcpu=cortex-m0plus -T"C:\Users\pierr\STM32CubeIDE\workspace_2.0.0\STM32L073_uartPrintf\STM32_uartPrintf\STM32L073RZTX_FLASH.ld" --specs=nosys.specs -Wl,-Map="STM32_uartPrintf.map" -Wl,--gc-sections -static --specs=nano.specs -mfloat-abi=soft -mthumb -Wl,--start-group -lc -lm -Wl,--end-group
C:/ST/STM32CubeIDE_2.0.0/STM32CubeIDE/plugins/com.st.stm32cube.ide.mcu.externaltools.gnu-tools-for-stm32.13.3.rel1.win32_1.0.100.202509120712/tools/bin/../lib/gcc/arm-none-eabi/13.3.1/../../../../arm-none-eabi/bin/ld.exe: warning: STM32_uartPrintf.elf has a LOAD segment with RWX permissions
Finished building target: STM32_uartPrintf.elf
 
arm-none-eabi-size  STM32_uartPrintf.elf 
arm-none-eabi-objdump -h -S STM32_uartPrintf.elf  > "STM32_uartPrintf.list"
   text	   data	    bss	    dec	    hex	filename
  12296	    104	   1912	  14312	   37e8	STM32_uartPrintf.elf
Finished building: default.size.stdout
 
Finished building: STM32_uartPrintf.list
 
14:33:09 **** Incremental Build of configuration Debug for project STM32_uartPrintf ****
make -j12 all 
arm-none-eabi-gcc "../Core/Src/main.c" -mcpu=cortex-m0plus -std=gnu11 -g3 -DDEBUG -DSTM32L073xx -DUSE_FULL_LL_DRIVER -DHSE_VALUE=8000000 -DHSE_STARTUP_TIMEOUT=100 -DLSE_STARTUP_TIMEOUT=5000 -DLSE_VALUE=32768 -DMSI_VALUE=2097000 -DHSI_VALUE=16000000 -DLSI_VALUE=37000 -DVDD_VALUE=3300 -DPREFETCH_ENABLE=0 -DINSTRUCTION_CACHE_ENABLE=1 -DDATA_CACHE_ENABLE=1 -c -I../Core/Inc -I../Drivers/STM32L0xx_HAL_Driver/Inc -I../Drivers/CMSIS/Device/ST/STM32L0xx/Include -I../Drivers/CMSIS/Include -O0 -ffunction-sections -fdata-sections -Wall -fstack-usage -fcyclomatic-complexity -MMD -MP -MF"Core/Src/main.d" -MT"Core/Src/main.o" --specs=nano.specs -mfloat-abi=soft -mthumb -o "Core/Src/main.o"
arm-none-eabi-gcc -o "STM32_uartPrintf.elf" @"objects.list"   -mcpu=cortex-m0plus -T"C:\Users\pierr\STM32CubeIDE\workspace_2.0.0\STM32L073_uartPrintf\STM32_uartPrintf\STM32L073RZTX_FLASH.ld" --specs=nosys.specs -Wl,-Map="STM32_uartPrintf.map" -Wl,--gc-sections -static --specs=nano.specs -mfloat-abi=soft -mthumb -Wl,--start-group -lc -lm -Wl,--end-group
C:/ST/STM32CubeIDE_2.0.0/STM32CubeIDE/plugins/com.st.stm32cube.ide.mcu.externaltools.gnu-tools-for-stm32.13.3.rel1.win32_1.0.100.202509120712/tools/bin/../lib/gcc/arm-none-eabi/13.3.1/../../../../arm-none-eabi/bin/ld.exe: warning: STM32_uartPrintf.elf has a LOAD segment with RWX permissions
Finished building target: STM32_uartPrintf.elf
 
arm-none-eabi-size  STM32_uartPrintf.elf 
arm-none-eabi-objdump -h -S STM32_uartPrintf.elf  > "STM32_uartPrintf.list"
   text	   data	    bss	    dec	    hex	filename
  12328	    104	   1912	  14344	   3808	STM32_uartPrintf.elf
Finished building: default.size.stdout
 
Finished building: STM32_uartPrintf.list
 
14:33:25 **** Incremental Build of configuration Debug for project STM32_uartPrintf ****
make -j12 all 
arm-none-eabi-size  STM32_uartPrintf.elf 
   text	   data	    bss	    dec	    hex	filename
  12328	    104	   1912	  14344	   3808	STM32_uartPrintf.elf
Finished building: default.size.stdout
 
08:52:29 **** Incremental Build of configuration Debug for project STM32_uartPrintf ****
make -j12 all 
arm-none-eabi-size  STM32_uartPrintf.elf 
   text	   data	    bss	    dec	    hex	filename
  12328	    104	   1912	  14344	   3808	STM32_uartPrintf.elf
Finished building: default.size.stdout
 
08:58:20 **** Incremental Build of configuration Debug for project STM32_uartPrintf ****
make -j12 all 
arm-none-eabi-gcc "../Core/Src/main.c" -mcpu=cortex-m0plus -std=gnu11 -g3 -DDEBUG -DSTM32L073xx -DUSE_FULL_LL_DRIVER -DHSE_VALUE=8000000 -DHSE_STARTUP_TIMEOUT=100 -DLSE_STARTUP_TIMEOUT=5000 -DLSE_VALUE=32768 -DMSI_VALUE=2097000 -DHSI_VALUE=16000000 -DLSI_VALUE=37000 -DVDD_VALUE=3300 -DPREFETCH_ENABLE=0 -DINSTRUCTION_CACHE_ENABLE=1 -DDATA_CACHE_ENABLE=1 -c -I../Core/Inc -I../Drivers/STM32L0xx_HAL_Driver/Inc -I../Drivers/CMSIS/Device/ST/STM32L0xx/Include -I../Drivers/CMSIS/Include -O0 -ffunction-sections -fdata-sections -Wall -fstack-usage -fcyclomatic-complexity -MMD -MP -MF"Core/Src/main.d" -MT"Core/Src/main.o" --specs=nano.specs -mfloat-abi=soft -mthumb -o "Core/Src/main.o"
arm-none-eabi-gcc "../Core/Src/myGpioLib.c" -mcpu=cortex-m0plus -std=gnu11 -g3 -DDEBUG -DSTM32L073xx -DUSE_FULL_LL_DRIVER -DHSE_VALUE=8000000 -DHSE_STARTUP_TIMEOUT=100 -DLSE_STARTUP_TIMEOUT=5000 -DLSE_VALUE=32768 -DMSI_VALUE=2097000 -DHSI_VALUE=16000000 -DLSI_VALUE=37000 -DVDD_VALUE=3300 -DPREFETCH_ENABLE=0 -DINSTRUCTION_CACHE_ENABLE=1 -DDATA_CACHE_ENABLE=1 -c -I../Core/Inc -I../Drivers/STM32L0xx_HAL_Driver/Inc -I../Drivers/CMSIS/Device/ST/STM32L0xx/Include -I../Drivers/CMSIS/Include -O0 -ffunction-sections -fdata-sections -Wall -fstack-usage -fcyclomatic-complexity -MMD -MP -MF"Core/Src/myGpioLib.d" -MT"Core/Src/myGpioLib.o" --specs=nano.specs -mfloat-abi=soft -mthumb -o "Core/Src/myGpioLib.o"
arm-none-eabi-gcc -o "STM32_uartPrintf.elf" @"objects.list"   -mcpu=cortex-m0plus -T"C:\Users\pierr\STM32CubeIDE\workspace_2.0.0\STM32L073_uartPrintf\STM32_uartPrintf\STM32L073RZTX_FLASH.ld" --specs=nosys.specs -Wl,-Map="STM32_uartPrintf.map" -Wl,--gc-sections -static --specs=nano.specs -mfloat-abi=soft -mthumb -Wl,--start-group -lc -lm -Wl,--end-group
C:/ST/STM32CubeIDE_2.0.0/STM32CubeIDE/plugins/com.st.stm32cube.ide.mcu.externaltools.gnu-tools-for-stm32.13.3.rel1.win32_1.0.100.202509120712/tools/bin/../lib/gcc/arm-none-eabi/13.3.1/../../../../arm-none-eabi/bin/ld.exe: warning: STM32_uartPrintf.elf has a LOAD segment with RWX permissions
Finished building target: STM32_uartPrintf.elf
 
arm-none-eabi-size  STM32_uartPrintf.elf 
arm-none-eabi-objdump -h -S STM32_uartPrintf.elf  > "STM32_uartPrintf.list"
   text	   data	    bss	    dec	    hex	filename
  12512	    104	   1912	  14528	   38c0	STM32_uartPrintf.elf
Finished building: default.size.stdout
 
Finished building: STM32_uartPrintf.list
 
08:58:29 **** Incremental Build of configuration Debug for project STM32_uartPrintf ****
make -j12 all 
arm-none-eabi-gcc "../Core/Src/main.c" -mcpu=cortex-m0plus -std=gnu11 -g3 -DDEBUG -DSTM32L073xx -DUSE_FULL_LL_DRIVER -DHSE_VALUE=8000000 -DHSE_STARTUP_TIMEOUT=100 -DLSE_STARTUP_TIMEOUT=5000 -DLSE_VALUE=32768 -DMSI_VALUE=2097000 -DHSI_VALUE=16000000 -DLSI_VALUE=37000 -DVDD_VALUE=3300 -DPREFETCH_ENABLE=0 -DINSTRUCTION_CACHE_ENABLE=1 -DDATA_CACHE_ENABLE=1 -c -I../Core/Inc -I../Drivers/STM32L0xx_HAL_Driver/Inc -I../Drivers/CMSIS/Device/ST/STM32L0xx/Include -I../Drivers/CMSIS/Include -O0 -ffunction-sections -fdata-sections -Wall -fstack-usage -fcyclomatic-complexity -MMD -MP -MF"Core/Src/main.d" -MT"Core/Src/main.o" --specs=nano.specs -mfloat-abi=soft -mthumb -o "Core/Src/main.o"
arm-none-eabi-gcc -o "STM32_uartPrintf.elf" @"objects.list"   -mcpu=cortex-m0plus -T"C:\Users\pierr\STM32CubeIDE\workspace_2.0.0\STM32L073_uartPrintf\STM32_uartPrintf\STM32L073RZTX_FLASH.ld" --specs=nosys.specs -Wl,-Map="STM32_uartPrintf.map" -Wl,--gc-sections -static --specs=nano.specs -mfloat-abi=soft -mthumb -Wl,--start-group -lc -lm -Wl,--end-group
C:/ST/STM32CubeIDE_2.0.0/STM32CubeIDE/plugins/com.st.stm32cube.ide.mcu.externaltools.gnu-tools-for-stm32.13.3.rel1.win32_1.0.100.202509120712/tools/bin/../lib/gcc/arm-none-eabi/13.3.1/../../../../arm-none-eabi/bin/ld.exe: warning: STM32_uartPrintf.elf has a LOAD segment with RWX permissions
Finished building target: STM32_uartPrintf.elf
 
arm-none-eabi-size  STM32_uartPrintf.elf 
arm-none-eabi-objdump -h -S STM32_uartPrintf.elf  > "STM32_uartPrintf.list"
   text	   data	    bss	    dec	    hex	filename
  12488	    104	   1912	  14504	   38a8	STM32_uartPrintf.elf
Finished building: default.size.stdout
 
Finished building: STM32_uartPrintf.list
 
08:58:48 **** Incremental Build of configuration Debug for project STM32_uartPrintf ****
make -j12 all 
arm-none-eabi-size  STM32_uartPrintf.elf 
   text	   data	    bss	    dec	    hex	filename
  12488	    104	   1912	  14504	   38a8	STM32_uartPrintf.elf
Finished building: default.size.stdout
 
09:02:29 **** Incremental Build of configuration Debug for project STM32_uartPrintf ****
make -j12 all 
arm-none-eabi-gcc "../Core/Src/main.c" -mcpu=cortex-m0plus -std=gnu11 -g3 -DDEBUG -DSTM32L073xx -DUSE_FULL_LL_DRIVER -DHSE_VALUE=8000000 -DHSE_STARTUP_TIMEOUT=100 -DLSE_STARTUP_TIMEOUT=5000 -DLSE_VALUE=32768 -DMSI_VALUE=2097000 -DHSI_VALUE=16000000 -DLSI_VALUE=37000 -DVDD_VALUE=3300 -DPREFETCH_ENABLE=0 -DINSTRUCTION_CACHE_ENABLE=1 -DDATA_CACHE_ENABLE=1 -c -I../Core/Inc -I../Drivers/STM32L0xx_HAL_Driver/Inc -I../Drivers/CMSIS/Device/ST/STM32L0xx/Include -I../Drivers/CMSIS/Include -O0 -ffunction-sections -fdata-sections -Wall -fstack-usage -fcyclomatic-complexity -MMD -MP -MF"Core/Src/main.d" -MT"Core/Src/main.o" --specs=nano.specs -mfloat-abi=soft -mthumb -o "Core/Src/main.o"
arm-none-eabi-gcc "../Core/Src/myGpioLib.c" -mcpu=cortex-m0plus -std=gnu11 -g3 -DDEBUG -DSTM32L073xx -DUSE_FULL_LL_DRIVER -DHSE_VALUE=8000000 -DHSE_STARTUP_TIMEOUT=100 -DLSE_STARTUP_TIMEOUT=5000 -DLSE_VALUE=32768 -DMSI_VALUE=2097000 -DHSI_VALUE=16000000 -DLSI_VALUE=37000 -DVDD_VALUE=3300 -DPREFETCH_ENABLE=0 -DINSTRUCTION_CACHE_ENABLE=1 -DDATA_CACHE_ENABLE=1 -c -I../Core/Inc -I../Drivers/STM32L0xx_HAL_Driver/Inc -I../Drivers/CMSIS/Device/ST/STM32L0xx/Include -I../Drivers/CMSIS/Include -O0 -ffunction-sections -fdata-sections -Wall -fstack-usage -fcyclomatic-complexity -MMD -MP -MF"Core/Src/myGpioLib.d" -MT"Core/Src/myGpioLib.o" --specs=nano.specs -mfloat-abi=soft -mthumb -o "Core/Src/myGpioLib.o"
arm-none-eabi-gcc -o "STM32_uartPrintf.elf" @"objects.list"   -mcpu=cortex-m0plus -T"C:\Users\pierr\STM32CubeIDE\workspace_2.0.0\STM32L073_uartPrintf\STM32_uartPrintf\STM32L073RZTX_FLASH.ld" --specs=nosys.specs -Wl,-Map="STM32_uartPrintf.map" -Wl,--gc-sections -static --specs=nano.specs -mfloat-abi=soft -mthumb -Wl,--start-group -lc -lm -Wl,--end-group
C:/ST/STM32CubeIDE_2.0.0/STM32CubeIDE/plugins/com.st.stm32cube.ide.mcu.externaltools.gnu-tools-for-stm32.13.3.rel1.win32_1.0.100.202509120712/tools/bin/../lib/gcc/arm-none-eabi/13.3.1/../../../../arm-none-eabi/bin/ld.exe: warning: STM32_uartPrintf.elf has a LOAD segment with RWX permissions
Finished building target: STM32_uartPrintf.elf
 
arm-none-eabi-size  STM32_uartPrintf.elf 
arm-none-eabi-objdump -h -S STM32_uartPrintf.elf  > "STM32_uartPrintf.list"
   text	   data	    bss	    dec	    hex	filename
  12736	    104	   1912	  14752	   39a0	STM32_uartPrintf.elf
Finished building: default.size.stdout
 
Finished building: STM32_uartPrintf.list
 
09:02:34 **** Incremental Build of configuration Debug for project STM32_uartPrintf ****
make -j12 all 
arm-none-eabi-size  STM32_uartPrintf.elf 
   text	   data	    bss	    dec	    hex	filename
  12736	    104	   1912	  14752	   39a0	STM32_uartPrintf.elf
Finished building: default.size.stdout
 
09:13:45 **** Incremental Build of configuration Debug for project STM32_uartPrintf ****
make -j12 all 
arm-none-eabi-gcc "../Core/Src/main.c" -mcpu=cortex-m0plus -std=gnu11 -g3 -DDEBUG -DSTM32L073xx -DUSE_FULL_LL_DRIVER -DHSE_VALUE=8000000 -DHSE_STARTUP_TIMEOUT=100 -DLSE_STARTUP_TIMEOUT=5000 -DLSE_VALUE=32768 -DMSI_VALUE=2097000 -DHSI_VALUE=16000000 -DLSI_VALUE=37000 -DVDD_VALUE=3300 -DPREFETCH_ENABLE=0 -DINSTRUCTION_CACHE_ENABLE=1 -DDATA_CACHE_ENABLE=1 -c -I../Core/Inc -I../Drivers/STM32L0xx_HAL_Driver/Inc -I../Drivers/CMSIS/Device/ST/STM32L0xx/Include -I../Drivers/CMSIS/Include -O0 -ffunction-sections -fdata-sections -Wall -fstack-usage -fcyclomatic-complexity -MMD -MP -MF"Core/Src/main.d" -MT"Core/Src/main.o" --specs=nano.specs -mfloat-abi=soft -mthumb -o "Core/Src/main.o"
arm-none-eabi-gcc "../Core/Src/myGpioLib.c" -mcpu=cortex-m0plus -std=gnu11 -g3 -DDEBUG -DSTM32L073xx -DUSE_FULL_LL_DRIVER -DHSE_VALUE=8000000 -DHSE_STARTUP_TIMEOUT=100 -DLSE_STARTUP_TIMEOUT=5000 -DLSE_VALUE=32768 -DMSI_VALUE=2097000 -DHSI_VALUE=16000000 -DLSI_VALUE=37000 -DVDD_VALUE=3300 -DPREFETCH_ENABLE=0 -DINSTRUCTION_CACHE_ENABLE=1 -DDATA_CACHE_ENABLE=1 -c -I../Core/Inc -I../Drivers/STM32L0xx_HAL_Driver/Inc -I../Drivers/CMSIS/Device/ST/STM32L0xx/Include -I../Drivers/CMSIS/Include -O0 -ffunction-sections -fdata-sections -Wall -fstack-usage -fcyclomatic-complexity -MMD -MP -MF"Core/Src/myGpioLib.d" -MT"Core/Src/myGpioLib.o" --specs=nano.specs -mfloat-abi=soft -mthumb -o "Core/Src/myGpioLib.o"
arm-none-eabi-gcc -o "STM32_uartPrintf.elf" @"objects.list"   -mcpu=cortex-m0plus -T"C:\Users\pierr\STM32CubeIDE\workspace_2.0.0\STM32L073_uartPrintf\STM32_uartPrintf\STM32L073RZTX_FLASH.ld" --specs=nosys.specs -Wl,-Map="STM32_uartPrintf.map" -Wl,--gc-sections -static --specs=nano.specs -mfloat-abi=soft -mthumb -Wl,--start-group -lc -lm -Wl,--end-group
C:/ST/STM32CubeIDE_2.0.0/STM32CubeIDE/plugins/com.st.stm32cube.ide.mcu.externaltools.gnu-tools-for-stm32.13.3.rel1.win32_1.0.100.202509120712/tools/bin/../lib/gcc/arm-none-eabi/13.3.1/../../../../arm-none-eabi/bin/ld.exe: warning: STM32_uartPrintf.elf has a LOAD segment with RWX permissions
Finished building target: STM32_uartPrintf.elf
 
arm-none-eabi-size  STM32_uartPrintf.elf 
arm-none-eabi-objdump -h -S STM32_uartPrintf.elf  > "STM32_uartPrintf.list"
   text	   data	    bss	    dec	    hex	filename
  12960	    104	   1912	  14976	   3a80	STM32_uartPrintf.elf
Finished building: default.size.stdout
 
Finished building: STM32_uartPrintf.list
 
09:13:49 **** Incremental Build of configuration Debug for project STM32_uartPrintf ****
make -j12 all 
arm-none-eabi-size  STM32_uartPrintf.elf 
   text	   data	    bss	    dec	    hex	filename
  12960	    104	   1912	  14976	   3a80	STM32_uartPrintf.elf
Finished building: default.size.stdout
 
09:15:02 **** Incremental Build of configuration Debug for project STM32_uartPrintf ****
make -j12 all 
arm-none-eabi-gcc "../Core/Src/myGpioLib.c" -mcpu=cortex-m0plus -std=gnu11 -g3 -DDEBUG -DSTM32L073xx -DUSE_FULL_LL_DRIVER -DHSE_VALUE=8000000 -DHSE_STARTUP_TIMEOUT=100 -DLSE_STARTUP_TIMEOUT=5000 -DLSE_VALUE=32768 -DMSI_VALUE=2097000 -DHSI_VALUE=16000000 -DLSI_VALUE=37000 -DVDD_VALUE=3300 -DPREFETCH_ENABLE=0 -DINSTRUCTION_CACHE_ENABLE=1 -DDATA_CACHE_ENABLE=1 -c -I../Core/Inc -I../Drivers/STM32L0xx_HAL_Driver/Inc -I../Drivers/CMSIS/Device/ST/STM32L0xx/Include -I../Drivers/CMSIS/Include -O0 -ffunction-sections -fdata-sections -Wall -fstack-usage -fcyclomatic-complexity -MMD -MP -MF"Core/Src/myGpioLib.d" -MT"Core/Src/myGpioLib.o" --specs=nano.specs -mfloat-abi=soft -mthumb -o "Core/Src/myGpioLib.o"
arm-none-eabi-gcc -o "STM32_uartPrintf.elf" @"objects.list"   -mcpu=cortex-m0plus -T"C:\Users\pierr\STM32CubeIDE\workspace_2.0.0\STM32L073_uartPrintf\STM32_uartPrintf\STM32L073RZTX_FLASH.ld" --specs=nosys.specs -Wl,-Map="STM32_uartPrintf.map" -Wl,--gc-sections -static --specs=nano.specs -mfloat-abi=soft -mthumb -Wl,--start-group -lc -lm -Wl,--end-group
C:/ST/STM32CubeIDE_2.0.0/STM32CubeIDE/plugins/com.st.stm32cube.ide.mcu.externaltools.gnu-tools-for-stm32.13.3.rel1.win32_1.0.100.202509120712/tools/bin/../lib/gcc/arm-none-eabi/13.3.1/../../../../arm-none-eabi/bin/ld.exe: warning: STM32_uartPrintf.elf has a LOAD segment with RWX permissions
Finished building target: STM32_uartPrintf.elf
 
arm-none-eabi-size  STM32_uartPrintf.elf 
arm-none-eabi-objdump -h -S STM32_uartPrintf.elf  > "STM32_uartPrintf.list"
   text	   data	    bss	    dec	    hex	filename
  12960	    104	   1912	  14976	   3a80	STM32_uartPrintf.elf
Finished building: default.size.stdout
 
Finished building: STM32_uartPrintf.list
 
09:15:19 **** Incremental Build of configuration Debug for project STM32_uartPrintf ****
make -j12 all 
arm-none-eabi-size  STM32_uartPrintf.elf 
   text	   data	    bss	    dec	    hex	filename
  12960	    104	   1912	  14976	   3a80	STM32_uartPrintf.elf
Finished building: default.size.stdout
 
14:24:00 **** Incremental Build of configuration Debug for project STM32_uartPrintf ****
make -j12 all 
arm-none-eabi-gcc "../Core/Src/DHT.c" -mcpu=cortex-m0plus -std=gnu11 -g3 -DDEBUG -DSTM32L073xx -DUSE_FULL_LL_DRIVER -DHSE_VALUE=8000000 -DHSE_STARTUP_TIMEOUT=100 -DLSE_STARTUP_TIMEOUT=5000 -DLSE_VALUE=32768 -DMSI_VALUE=2097000 -DHSI_VALUE=16000000 -DLSI_VALUE=37000 -DVDD_VALUE=3300 -DPREFETCH_ENABLE=0 -DINSTRUCTION_CACHE_ENABLE=1 -DDATA_CACHE_ENABLE=1 -c -I../Core/Inc -I../Drivers/STM32L0xx_HAL_Driver/Inc -I../Drivers/CMSIS/Device/ST/STM32L0xx/Include -I../Drivers/CMSIS/Include -O0 -ffunction-sections -fdata-sections -Wall -fstack-usage -fcyclomatic-complexity -MMD -MP -MF"Core/Src/DHT.d" -MT"Core/Src/DHT.o" --specs=nano.specs -mfloat-abi=soft -mthumb -o "Core/Src/DHT.o"
arm-none-eabi-gcc "../Core/Src/MeteoLib.c" -mcpu=cortex-m0plus -std=gnu11 -g3 -DDEBUG -DSTM32L073xx -DUSE_FULL_LL_DRIVER -DHSE_VALUE=8000000 -DHSE_STARTUP_TIMEOUT=100 -DLSE_STARTUP_TIMEOUT=5000 -DLSE_VALUE=32768 -DMSI_VALUE=2097000 -DHSI_VALUE=16000000 -DLSI_VALUE=37000 -DVDD_VALUE=3300 -DPREFETCH_ENABLE=0 -DINSTRUCTION_CACHE_ENABLE=1 -DDATA_CACHE_ENABLE=1 -c -I../Core/Inc -I../Drivers/STM32L0xx_HAL_Driver/Inc -I../Drivers/CMSIS/Device/ST/STM32L0xx/Include -I../Drivers/CMSIS/Include -O0 -ffunction-sections -fdata-sections -Wall -fstack-usage -fcyclomatic-complexity -MMD -MP -MF"Core/Src/MeteoLib.d" -MT"Core/Src/MeteoLib.o" --specs=nano.specs -mfloat-abi=soft -mthumb -o "Core/Src/MeteoLib.o"
arm-none-eabi-gcc "../Core/Src/gpio.c" -mcpu=cortex-m0plus -std=gnu11 -g3 -DDEBUG -DSTM32L073xx -DUSE_FULL_LL_DRIVER -DHSE_VALUE=8000000 -DHSE_STARTUP_TIMEOUT=100 -DLSE_STARTUP_TIMEOUT=5000 -DLSE_VALUE=32768 -DMSI_VALUE=2097000 -DHSI_VALUE=16000000 -DLSI_VALUE=37000 -DVDD_VALUE=3300 -DPREFETCH_ENABLE=0 -DINSTRUCTION_CACHE_ENABLE=1 -DDATA_CACHE_ENABLE=1 -c -I../Core/Inc -I../Drivers/STM32L0xx_HAL_Driver/Inc -I../Drivers/CMSIS/Device/ST/STM32L0xx/Include -I../Drivers/CMSIS/Include -O0 -ffunction-sections -fdata-sections -Wall -fstack-usage -fcyclomatic-complexity -MMD -MP -MF"Core/Src/gpio.d" -MT"Core/Src/gpio.o" --specs=nano.specs -mfloat-abi=soft -mthumb -o "Core/Src/gpio.o"
arm-none-eabi-gcc "../Core/Src/main.c" -mcpu=cortex-m0plus -std=gnu11 -g3 -DDEBUG -DSTM32L073xx -DUSE_FULL_LL_DRIVER -DHSE_VALUE=8000000 -DHSE_STARTUP_TIMEOUT=100 -DLSE_STARTUP_TIMEOUT=5000 -DLSE_VALUE=32768 -DMSI_VALUE=2097000 -DHSI_VALUE=16000000 -DLSI_VALUE=37000 -DVDD_VALUE=3300 -DPREFETCH_ENABLE=0 -DINSTRUCTION_CACHE_ENABLE=1 -DDATA_CACHE_ENABLE=1 -c -I../Core/Inc -I../Drivers/STM32L0xx_HAL_Driver/Inc -I../Drivers/CMSIS/Device/ST/STM32L0xx/Include -I../Drivers/CMSIS/Include -O0 -ffunction-sections -fdata-sections -Wall -fstack-usage -fcyclomatic-complexity -MMD -MP -MF"Core/Src/main.d" -MT"Core/Src/main.o" --specs=nano.specs -mfloat-abi=soft -mthumb -o "Core/Src/main.o"
arm-none-eabi-gcc "../Core/Src/myGpioLib.c" -mcpu=cortex-m0plus -std=gnu11 -g3 -DDEBUG -DSTM32L073xx -DUSE_FULL_LL_DRIVER -DHSE_VALUE=8000000 -DHSE_STARTUP_TIMEOUT=100 -DLSE_STARTUP_TIMEOUT=5000 -DLSE_VALUE=32768 -DMSI_VALUE=2097000 -DHSI_VALUE=16000000 -DLSI_VALUE=37000 -DVDD_VALUE=3300 -DPREFETCH_ENABLE=0 -DINSTRUCTION_CACHE_ENABLE=1 -DDATA_CACHE_ENABLE=1 -c -I../Core/Inc -I../Drivers/STM32L0xx_HAL_Driver/Inc -I../Drivers/CMSIS/Device/ST/STM32L0xx/Include -I../Drivers/CMSIS/Include -O0 -ffunction-sections -fdata-sections -Wall -fstack-usage -fcyclomatic-complexity -MMD -MP -MF"Core/Src/myGpioLib.d" -MT"Core/Src/myGpioLib.o" --specs=nano.specs -mfloat-abi=soft -mthumb -o "Core/Src/myGpioLib.o"
arm-none-eabi-gcc "../Core/Src/retarget.c" -mcpu=cortex-m0plus -std=gnu11 -g3 -DDEBUG -DSTM32L073xx -DUSE_FULL_LL_DRIVER -DHSE_VALUE=8000000 -DHSE_STARTUP_TIMEOUT=100 -DLSE_STARTUP_TIMEOUT=5000 -DLSE_VALUE=32768 -DMSI_VALUE=2097000 -DHSI_VALUE=16000000 -DLSI_VALUE=37000 -DVDD_VALUE=3300 -DPREFETCH_ENABLE=0 -DINSTRUCTION_CACHE_ENABLE=1 -DDATA_CACHE_ENABLE=1 -c -I../Core/Inc -I../Drivers/STM32L0xx_HAL_Driver/Inc -I../Drivers/CMSIS/Device/ST/STM32L0xx/Include -I../Drivers/CMSIS/Include -O0 -ffunction-sections -fdata-sections -Wall -fstack-usage -fcyclomatic-complexity -MMD -MP -MF"Core/Src/retarget.d" -MT"Core/Src/retarget.o" --specs=nano.specs -mfloat-abi=soft -mthumb -o "Core/Src/retarget.o"
arm-none-eabi-gcc "../Core/Src/stm32l0xx_it.c" -mcpu=cortex-m0plus -std=gnu11 -g3 -DDEBUG -DSTM32L073xx -DUSE_FULL_LL_DRIVER -DHSE_VALUE=8000000 -DHSE_STARTUP_TIMEOUT=100 -DLSE_STARTUP_TIMEOUT=5000 -DLSE_VALUE=32768 -DMSI_VALUE=2097000 -DHSI_VALUE=16000000 -DLSI_VALUE=37000 -DVDD_VALUE=3300 -DPREFETCH_ENABLE=0 -DINSTRUCTION_CACHE_ENABLE=1 -DDATA_CACHE_ENABLE=1 -c -I../Core/Inc -I../Drivers/STM32L0xx_HAL_Driver/Inc -I../Drivers/CMSIS/Device/ST/STM32L0xx/Include -I../Drivers/CMSIS/Include -O0 -ffunction-sections -fdata-sections -Wall -fstack-usage -fcyclomatic-complexity -MMD -MP -MF"Core/Src/stm32l0xx_it.d" -MT"Core/Src/stm32l0xx_it.o" --specs=nano.specs -mfloat-abi=soft -mthumb -o "Core/Src/stm32l0xx_it.o"
arm-none-eabi-gcc "../Core/Src/sysmem.c" -mcpu=cortex-m0plus -std=gnu11 -g3 -DDEBUG -DSTM32L073xx -DUSE_FULL_LL_DRIVER -DHSE_VALUE=8000000 -DHSE_STARTUP_TIMEOUT=100 -DLSE_STARTUP_TIMEOUT=5000 -DLSE_VALUE=32768 -DMSI_VALUE=2097000 -DHSI_VALUE=16000000 -DLSI_VALUE=37000 -DVDD_VALUE=3300 -DPREFETCH_ENABLE=0 -DINSTRUCTION_CACHE_ENABLE=1 -DDATA_CACHE_ENABLE=1 -c -I../Core/Inc -I../Drivers/STM32L0xx_HAL_Driver/Inc -I../Drivers/CMSIS/Device/ST/STM32L0xx/Include -I../Drivers/CMSIS/Include -O0 -ffunction-sections -fdata-sections -Wall -fstack-usage -fcyclomatic-complexity -MMD -MP -MF"Core/Src/sysmem.d" -MT"Core/Src/sysmem.o" --specs=nano.specs -mfloat-abi=soft -mthumb -o "Core/Src/sysmem.o"
arm-none-eabi-gcc "../Core/Src/system_stm32l0xx.c" -mcpu=cortex-m0plus -std=gnu11 -g3 -DDEBUG -DSTM32L073xx -DUSE_FULL_LL_DRIVER -DHSE_VALUE=8000000 -DHSE_STARTUP_TIMEOUT=100 -DLSE_STARTUP_TIMEOUT=5000 -DLSE_VALUE=32768 -DMSI_VALUE=2097000 -DHSI_VALUE=16000000 -DLSI_VALUE=37000 -DVDD_VALUE=3300 -DPREFETCH_ENABLE=0 -DINSTRUCTION_CACHE_ENABLE=1 -DDATA_CACHE_ENABLE=1 -c -I../Core/Inc -I../Drivers/STM32L0xx_HAL_Driver/Inc -I../Drivers/CMSIS/Device/ST/STM32L0xx/Include -I../Drivers/CMSIS/Include -O0 -ffunction-sections -fdata-sections -Wall -fstack-usage -fcyclomatic-complexity -MMD -MP -MF"Core/Src/system_stm32l0xx.d" -MT"Core/Src/system_stm32l0xx.o" --specs=nano.specs -mfloat-abi=soft -mthumb -o "Core/Src/system_stm32l0xx.o"
arm-none-eabi-gcc "../Core/Src/usart.c" -mcpu=cortex-m0plus -std=gnu11 -g3 -DDEBUG -DSTM32L073xx -DUSE_FULL_LL_DRIVER -DHSE_VALUE=8000000 -DHSE_STARTUP_TIMEOUT=100 -DLSE_STARTUP_TIMEOUT=5000 -DLSE_VALUE=32768 -DMSI_VALUE=2097000 -DHSI_VALUE=16000000 -DLSI_VALUE=37000 -DVDD_VALUE=3300 -DPREFETCH_ENABLE=0 -DINSTRUCTION_CACHE_ENABLE=1 -DDATA_CACHE_ENABLE=1 -c -I../Core/Inc -I../Drivers/STM32L0xx_HAL_Driver/Inc -I../Drivers/CMSIS/Device/ST/STM32L0xx/Include -I../Drivers/CMSIS/Include -O0 -ffunction-sections -fdata-sections -Wall -fstack-usage -fcyclomatic-complexity -MMD -MP -MF"Core/Src/usart.d" -MT"Core/Src/usart.o" --specs=nano.specs -mfloat-abi=soft -mthumb -o "Core/Src/usart.o"
../Core/Src/DHT.c: In function 'goToOutput':
../Core/Src/DHT.c:9:9: error: unknown type name 'GPIO_InitTypeDef'; did you mean 'LL_GPIO_InitTypeDef'?
    9 |         GPIO_InitTypeDef GPIO_InitStruct = {0};
      |         ^~~~~~~~~~~~~~~~
      |         LL_GPIO_InitTypeDef
../Core/Src/DHT.c:4:33: warning: implicit declaration of function 'HAL_GPIO_WritePin'; did you mean 'LL_GPIO_WriteReg'? [-Wimplicit-function-declaration]
    4 | #define lineUp()                HAL_GPIO_WritePin(sensor->DHT_Port, sensor->DHT_Pin, GPIO_PIN_SET)
      |                                 ^~~~~~~~~~~~~~~~~
../Core/Src/DHT.c:12:3: note: in expansion of macro 'lineUp'
   12 |   lineUp();
      |   ^~~~~~
../Core/Src/DHT.c:4:86: error: 'GPIO_PIN_SET' undeclared (first use in this function)
    4 | #define lineUp()                HAL_GPIO_WritePin(sensor->DHT_Port, sensor->DHT_Pin, GPIO_PIN_SET)
      |                                                                                      ^~~~~~~~~~~~
../Core/Src/DHT.c:12:3: note: in expansion of macro 'lineUp'
   12 |   lineUp();
      |   ^~~~~~
../Core/Src/DHT.c:4:86: note: each undeclared identifier is reported only once for each function it appears in
    4 | #define lineUp()                HAL_GPIO_WritePin(sensor->DHT_Port, sensor->DHT_Pin, GPIO_PIN_SET)
      |                                                                                      ^~~~~~~~~~~~
../Core/Src/DHT.c:12:3: note: in expansion of macro 'lineUp'
   12 |   lineUp();
      |   ^~~~~~
../Core/Src/DHT.c:15:18: error: request for member 'Pin' in something not a structure or union
   15 |   GPIO_InitStruct.Pin = sensor->DHT_Pin;
      |                  ^
../Core/Src/DHT.c:16:18: error: request for member 'Mode' in something not a structure or union
   16 |   GPIO_InitStruct.Mode = GPIO_MODE_OUTPUT_OD;   //Открытый сток
      |                  ^
../Core/Src/DHT.c:16:26: error: 'GPIO_MODE_OUTPUT_OD' undeclared (first use in this function); did you mean 'LL_GPIO_MODE_OUTPUT'?
   16 |   GPIO_InitStruct.Mode = GPIO_MODE_OUTPUT_OD;   //Открытый сток
      |                          ^~~~~~~~~~~~~~~~~~~
      |                          LL_GPIO_MODE_OUTPUT
../Core/Src/DHT.c:17:18: error: request for member 'Pull' in something not a structure or union
   17 |   GPIO_InitStruct.Pull = sensor->pullUp;                //Подтяжка к питанию
      |                  ^
../Core/Src/DHT.c:19:18: error: request for member 'Speed' in something not a structure or union
   19 |   GPIO_InitStruct.Speed = GPIO_SPEED_FREQ_HIGH; //Высокая скорость работы порта
      |                  ^
../Core/Src/DHT.c:19:27: error: 'GPIO_SPEED_FREQ_HIGH' undeclared (first use in this function); did you mean 'LL_GPIO_SPEED_FREQ_HIGH'?
   19 |   GPIO_InitStruct.Speed = GPIO_SPEED_FREQ_HIGH; //Высокая скорость работы порта
      |                           ^~~~~~~~~~~~~~~~~~~~
      |                           LL_GPIO_SPEED_FREQ_HIGH
../Core/Src/DHT.c:20:3: warning: implicit declaration of function 'HAL_GPIO_Init'; did you mean 'LL_GPIO_Init'? [-Wimplicit-function-declaration]
   20 |   HAL_GPIO_Init(sensor->DHT_Port, &GPIO_InitStruct);
      |   ^~~~~~~~~~~~~
      |   LL_GPIO_Init
../Core/Src/DHT.c: In function 'goToInput':
../Core/Src/DHT.c:24:3: error: unknown type name 'GPIO_InitTypeDef'; did you mean 'LL_GPIO_InitTypeDef'?
   24 |   GPIO_InitTypeDef GPIO_InitStruct = {0};
      |   ^~~~~~~~~~~~~~~~
      |   LL_GPIO_InitTypeDef
../Core/Src/DHT.c:27:18: error: request for member 'Pin' in something not a structure or union
   27 |   GPIO_InitStruct.Pin = sensor->DHT_Pin;
      |                  ^
../Core/Src/DHT.c:28:18: error: request for member 'Mode' in something not a structure or union
   28 |   GPIO_InitStruct.Mode = GPIO_MODE_INPUT;
      |                  ^
../Core/Src/DHT.c:28:26: error: 'GPIO_MODE_INPUT' undeclared (first use in this function); did you mean 'LL_GPIO_MODE_INPUT'?
   28 |   GPIO_InitStruct.Mode = GPIO_MODE_INPUT;
      |                          ^~~~~~~~~~~~~~~
      |                          LL_GPIO_MODE_INPUT
../Core/Src/DHT.c:29:18: error: request for member 'Pull' in something not a structure or union
   29 |   GPIO_InitStruct.Pull = sensor->pullUp;                //Подтяжка к питанию
      |                  ^
../Core/Src/DHT.c: In function 'DHT_getData':
../Core/Src/DHT.c:47:14: warning: implicit declaration of function 'HAL_GetTick' [-Wimplicit-function-declaration]
   47 |         if ((HAL_GetTick() - sensor->lastPollingTime < pollingInterval) && sensor->lastPollingTime != 0) {
      |              ^~~~~~~~~~~
../Core/Src/DHT.c:3:86: error: 'GPIO_PIN_RESET' undeclared (first use in this function)
    3 | #define lineDown()              HAL_GPIO_WritePin(sensor->DHT_Port, sensor->DHT_Pin, GPIO_PIN_RESET)
      |                                                                                      ^~~~~~~~~~~~~~
../Core/Src/DHT.c:59:9: note: in expansion of macro 'lineDown'
   59 |         lineDown();
      |         ^~~~~~~~
../Core/Src/DHT.c:6:33: warning: implicit declaration of function 'HAL_Delay'; did you mean 'LL_mDelay'? [-Wimplicit-function-declaration]
    6 | #define Delay(d)                HAL_Delay(d)
      |                                 ^~~~~~~~~
../Core/Src/DHT.c:60:9: note: in expansion of macro 'Delay'
   60 |         Delay(18);
      |         ^~~~~
../Core/Src/DHT.c:4:86: error: 'GPIO_PIN_SET' undeclared (first use in this function)
    4 | #define lineUp()                HAL_GPIO_WritePin(sensor->DHT_Port, sensor->DHT_Pin, GPIO_PIN_SET)
      |                                                                                      ^~~~~~~~~~~~
../Core/Src/DHT.c:62:9: note: in expansion of macro 'lineUp'
   62 |         lineUp();
      |         ^~~~~~
../Core/Src/DHT.c:5:34: warning: implicit declaration of function 'HAL_GPIO_ReadPin'; did you mean 'LL_GPIO_ReadReg'? [-Wimplicit-function-declaration]
    5 | #define getLine()               (HAL_GPIO_ReadPin(sensor->DHT_Port, sensor->DHT_Pin) == GPIO_PIN_SET)
      |                                  ^~~~~~~~~~~~~~~~
../Core/Src/DHT.c:73:15: note: in expansion of macro 'getLine'
   73 |         while(getLine()) {
      |               ^~~~~~~
make: *** [Core/Src/subdir.mk:46: Core/Src/DHT.o] Error 1
make: *** Waiting for unfinished jobs....
"make -j12 all" terminated with exit code 2. Build might be incomplete.
14:24:12 **** Incremental Build of configuration Debug for project STM32_uartPrintf ****
make -j12 all 
arm-none-eabi-gcc "../Core/Src/DHT.c" -mcpu=cortex-m0plus -std=gnu11 -g3 -DDEBUG -DSTM32L073xx -DUSE_FULL_LL_DRIVER -DHSE_VALUE=8000000 -DHSE_STARTUP_TIMEOUT=100 -DLSE_STARTUP_TIMEOUT=5000 -DLSE_VALUE=32768 -DMSI_VALUE=2097000 -DHSI_VALUE=16000000 -DLSI_VALUE=37000 -DVDD_VALUE=3300 -DPREFETCH_ENABLE=0 -DINSTRUCTION_CACHE_ENABLE=1 -DDATA_CACHE_ENABLE=1 -c -I../Core/Inc -I../Drivers/STM32L0xx_HAL_Driver/Inc -I../Drivers/CMSIS/Device/ST/STM32L0xx/Include -I../Drivers/CMSIS/Include -O0 -ffunction-sections -fdata-sections -Wall -fstack-usage -fcyclomatic-complexity -MMD -MP -MF"Core/Src/DHT.d" -MT"Core/Src/DHT.o" --specs=nano.specs -mfloat-abi=soft -mthumb -o "Core/Src/DHT.o"
../Core/Src/DHT.c: In function 'goToOutput':
../Core/Src/DHT.c:9:9: error: unknown type name 'GPIO_InitTypeDef'; did you mean 'LL_GPIO_InitTypeDef'?
    9 |         GPIO_InitTypeDef GPIO_InitStruct = {0};
      |         ^~~~~~~~~~~~~~~~
      |         LL_GPIO_InitTypeDef
../Core/Src/DHT.c:4:33: warning: implicit declaration of function 'HAL_GPIO_WritePin'; did you mean 'LL_GPIO_WriteReg'? [-Wimplicit-function-declaration]
    4 | #define lineUp()                HAL_GPIO_WritePin(sensor->DHT_Port, sensor->DHT_Pin, GPIO_PIN_SET)
      |                                 ^~~~~~~~~~~~~~~~~
../Core/Src/DHT.c:12:3: note: in expansion of macro 'lineUp'
   12 |   lineUp();
      |   ^~~~~~
../Core/Src/DHT.c:4:86: error: 'GPIO_PIN_SET' undeclared (first use in this function)
    4 | #define lineUp()                HAL_GPIO_WritePin(sensor->DHT_Port, sensor->DHT_Pin, GPIO_PIN_SET)
      |                                                                                      ^~~~~~~~~~~~
../Core/Src/DHT.c:12:3: note: in expansion of macro 'lineUp'
   12 |   lineUp();
      |   ^~~~~~
../Core/Src/DHT.c:4:86: note: each undeclared identifier is reported only once for each function it appears in
    4 | #define lineUp()                HAL_GPIO_WritePin(sensor->DHT_Port, sensor->DHT_Pin, GPIO_PIN_SET)
      |                                                                                      ^~~~~~~~~~~~
../Core/Src/DHT.c:12:3: note: in expansion of macro 'lineUp'
   12 |   lineUp();
      |   ^~~~~~
../Core/Src/DHT.c:15:18: error: request for member 'Pin' in something not a structure or union
   15 |   GPIO_InitStruct.Pin = sensor->DHT_Pin;
      |                  ^
../Core/Src/DHT.c:16:18: error: request for member 'Mode' in something not a structure or union
   16 |   GPIO_InitStruct.Mode = GPIO_MODE_OUTPUT_OD;   //Открытый сток
      |                  ^
../Core/Src/DHT.c:16:26: error: 'GPIO_MODE_OUTPUT_OD' undeclared (first use in this function); did you mean 'LL_GPIO_MODE_OUTPUT'?
   16 |   GPIO_InitStruct.Mode = GPIO_MODE_OUTPUT_OD;   //Открытый сток
      |                          ^~~~~~~~~~~~~~~~~~~
      |                          LL_GPIO_MODE_OUTPUT
../Core/Src/DHT.c:17:18: error: request for member 'Pull' in something not a structure or union
   17 |   GPIO_InitStruct.Pull = sensor->pullUp;                //Подтяжка к питанию
      |                  ^
../Core/Src/DHT.c:19:18: error: request for member 'Speed' in something not a structure or union
   19 |   GPIO_InitStruct.Speed = GPIO_SPEED_FREQ_HIGH; //Высокая скорость работы порта
      |                  ^
../Core/Src/DHT.c:19:27: error: 'GPIO_SPEED_FREQ_HIGH' undeclared (first use in this function); did you mean 'LL_GPIO_SPEED_FREQ_HIGH'?
   19 |   GPIO_InitStruct.Speed = GPIO_SPEED_FREQ_HIGH; //Высокая скорость работы порта
      |                           ^~~~~~~~~~~~~~~~~~~~
      |                           LL_GPIO_SPEED_FREQ_HIGH
../Core/Src/DHT.c:20:3: warning: implicit declaration of function 'HAL_GPIO_Init'; did you mean 'LL_GPIO_Init'? [-Wimplicit-function-declaration]
   20 |   HAL_GPIO_Init(sensor->DHT_Port, &GPIO_InitStruct);
      |   ^~~~~~~~~~~~~
      |   LL_GPIO_Init
../Core/Src/DHT.c: In function 'goToInput':
../Core/Src/DHT.c:24:3: error: unknown type name 'GPIO_InitTypeDef'; did you mean 'LL_GPIO_InitTypeDef'?
   24 |   GPIO_InitTypeDef GPIO_InitStruct = {0};
      |   ^~~~~~~~~~~~~~~~
      |   LL_GPIO_InitTypeDef
../Core/Src/DHT.c:27:18: error: request for member 'Pin' in something not a structure or union
   27 |   GPIO_InitStruct.Pin = sensor->DHT_Pin;
      |                  ^
../Core/Src/DHT.c:28:18: error: request for member 'Mode' in something not a structure or union
   28 |   GPIO_InitStruct.Mode = GPIO_MODE_INPUT;
      |                  ^
../Core/Src/DHT.c:28:26: error: 'GPIO_MODE_INPUT' undeclared (first use in this function); did you mean 'LL_GPIO_MODE_INPUT'?
   28 |   GPIO_InitStruct.Mode = GPIO_MODE_INPUT;
      |                          ^~~~~~~~~~~~~~~
      |                          LL_GPIO_MODE_INPUT
../Core/Src/DHT.c:29:18: error: request for member 'Pull' in something not a structure or union
   29 |   GPIO_InitStruct.Pull = sensor->pullUp;                //Подтяжка к питанию
      |                  ^
../Core/Src/DHT.c: In function 'DHT_getData':
../Core/Src/DHT.c:47:14: warning: implicit declaration of function 'HAL_GetTick' [-Wimplicit-function-declaration]
   47 |         if ((HAL_GetTick() - sensor->lastPollingTime < pollingInterval) && sensor->lastPollingTime != 0) {
      |              ^~~~~~~~~~~
../Core/Src/DHT.c:3:86: error: 'GPIO_PIN_RESET' undeclared (first use in this function)
    3 | #define lineDown()              HAL_GPIO_WritePin(sensor->DHT_Port, sensor->DHT_Pin, GPIO_PIN_RESET)
      |                                                                                      ^~~~~~~~~~~~~~
../Core/Src/DHT.c:59:9: note: in expansion of macro 'lineDown'
   59 |         lineDown();
      |         ^~~~~~~~
../Core/Src/DHT.c:6:33: warning: implicit declaration of function 'HAL_Delay'; did you mean 'LL_mDelay'? [-Wimplicit-function-declaration]
    6 | #define Delay(d)                HAL_Delay(d)
      |                                 ^~~~~~~~~
../Core/Src/DHT.c:60:9: note: in expansion of macro 'Delay'
   60 |         Delay(18);
      |         ^~~~~
../Core/Src/DHT.c:4:86: error: 'GPIO_PIN_SET' undeclared (first use in this function)
    4 | #define lineUp()                HAL_GPIO_WritePin(sensor->DHT_Port, sensor->DHT_Pin, GPIO_PIN_SET)
      |                                                                                      ^~~~~~~~~~~~
../Core/Src/DHT.c:62:9: note: in expansion of macro 'lineUp'
   62 |         lineUp();
      |         ^~~~~~
../Core/Src/DHT.c:5:34: warning: implicit declaration of function 'HAL_GPIO_ReadPin'; did you mean 'LL_GPIO_ReadReg'? [-Wimplicit-function-declaration]
    5 | #define getLine()               (HAL_GPIO_ReadPin(sensor->DHT_Port, sensor->DHT_Pin) == GPIO_PIN_SET)
      |                                  ^~~~~~~~~~~~~~~~
../Core/Src/DHT.c:73:15: note: in expansion of macro 'getLine'
   73 |         while(getLine()) {
      |               ^~~~~~~
make: *** [Core/Src/subdir.mk:46: Core/Src/DHT.o] Error 1
"make -j12 all" terminated with exit code 2. Build might be incomplete.
15:00:43 **** Incremental Build of configuration Debug for project STM32_uartPrintf ****
make -j12 all 
arm-none-eabi-gcc "../Core/Src/DHT.c" -mcpu=cortex-m0plus -std=gnu11 -g3 -DDEBUG -DSTM32L073xx -DUSE_FULL_LL_DRIVER -DHSE_VALUE=8000000 -DHSE_STARTUP_TIMEOUT=100 -DLSE_STARTUP_TIMEOUT=5000 -DLSE_VALUE=32768 -DMSI_VALUE=2097000 -DHSI_VALUE=16000000 -DLSI_VALUE=37000 -DVDD_VALUE=3300 -DPREFETCH_ENABLE=0 -DINSTRUCTION_CACHE_ENABLE=1 -DDATA_CACHE_ENABLE=1 -c -I../Core/Inc -I../Drivers/STM32L0xx_HAL_Driver/Inc -I../Drivers/CMSIS/Device/ST/STM32L0xx/Include -I../Drivers/CMSIS/Include -O0 -ffunction-sections -fdata-sections -Wall -fstack-usage -fcyclomatic-complexity -MMD -MP -MF"Core/Src/DHT.d" -MT"Core/Src/DHT.o" --specs=nano.specs -mfloat-abi=soft -mthumb -o "Core/Src/DHT.o"
arm-none-eabi-gcc -o "STM32_uartPrintf.elf" @"objects.list"   -mcpu=cortex-m0plus -T"C:\Users\pierr\STM32CubeIDE\workspace_2.0.0\STM32L073_uartPrintf\STM32_uartPrintf\STM32L073RZTX_FLASH.ld" --specs=nosys.specs -Wl,-Map="STM32_uartPrintf.map" -Wl,--gc-sections -static --specs=nano.specs -mfloat-abi=soft -mthumb -Wl,--start-group -lc -lm -Wl,--end-group
C:/ST/STM32CubeIDE_2.0.0/STM32CubeIDE/plugins/com.st.stm32cube.ide.mcu.externaltools.gnu-tools-for-stm32.13.3.rel1.win32_1.0.100.202509120712/tools/bin/../lib/gcc/arm-none-eabi/13.3.1/../../../../arm-none-eabi/bin/ld.exe: warning: STM32_uartPrintf.elf has a LOAD segment with RWX permissions
Finished building target: STM32_uartPrintf.elf
 
arm-none-eabi-size  STM32_uartPrintf.elf 
arm-none-eabi-objdump -h -S STM32_uartPrintf.elf  > "STM32_uartPrintf.list"
   text	   data	    bss	    dec	    hex	filename
  12960	    104	   1912	  14976	   3a80	STM32_uartPrintf.elf
Finished building: default.size.stdout
 
Finished building: STM32_uartPrintf.list
 
15:18:46 **** Incremental Build of configuration Debug for project STM32_uartPrintf ****
make -j12 all 
arm-none-eabi-gcc "../Core/Src/main.c" -mcpu=cortex-m0plus -std=gnu11 -g3 -DDEBUG -DSTM32L073xx -DUSE_FULL_LL_DRIVER -DHSE_VALUE=8000000 -DHSE_STARTUP_TIMEOUT=100 -DLSE_STARTUP_TIMEOUT=5000 -DLSE_VALUE=32768 -DMSI_VALUE=2097000 -DHSI_VALUE=16000000 -DLSI_VALUE=37000 -DVDD_VALUE=3300 -DPREFETCH_ENABLE=0 -DINSTRUCTION_CACHE_ENABLE=1 -DDATA_CACHE_ENABLE=1 -c -I../Core/Inc -I../Drivers/STM32L0xx_HAL_Driver/Inc -I../Drivers/CMSIS/Device/ST/STM32L0xx/Include -I../Drivers/CMSIS/Include -O0 -ffunction-sections -fdata-sections -Wall -fstack-usage -fcyclomatic-complexity -MMD -MP -MF"Core/Src/main.d" -MT"Core/Src/main.o" --specs=nano.specs -mfloat-abi=soft -mthumb -o "Core/Src/main.o"
arm-none-eabi-gcc -o "STM32_uartPrintf.elf" @"objects.list"   -mcpu=cortex-m0plus -T"C:\Users\pierr\STM32CubeIDE\workspace_2.0.0\STM32L073_uartPrintf\STM32_uartPrintf\STM32L073RZTX_FLASH.ld" --specs=nosys.specs -Wl,-Map="STM32_uartPrintf.map" -Wl,--gc-sections -static --specs=nano.specs -mfloat-abi=soft -mthumb -Wl,--start-group -lc -lm -Wl,--end-group
C:/ST/STM32CubeIDE_2.0.0/STM32CubeIDE/plugins/com.st.stm32cube.ide.mcu.externaltools.gnu-tools-for-stm32.13.3.rel1.win32_1.0.100.202509120712/tools/bin/../lib/gcc/arm-none-eabi/13.3.1/../../../../arm-none-eabi/bin/ld.exe: warning: STM32_uartPrintf.elf has a LOAD segment with RWX permissions
Finished building target: STM32_uartPrintf.elf
 
arm-none-eabi-size  STM32_uartPrintf.elf 
arm-none-eabi-objdump -h -S STM32_uartPrintf.elf  > "STM32_uartPrintf.list"
   text	   data	    bss	    dec	    hex	filename
  16068	    132	   1916	  18116	   46c4	STM32_uartPrintf.elf
Finished building: default.size.stdout
 
Finished building: STM32_uartPrintf.list
 
15:18:57 **** Incremental Build of configuration Debug for project STM32_uartPrintf ****
make -j12 all 
arm-none-eabi-size  STM32_uartPrintf.elf 
   text	   data	    bss	    dec	    hex	filename
  16068	    132	   1916	  18116	   46c4	STM32_uartPrintf.elf
Finished building: default.size.stdout
 
15:21:50 **** Incremental Build of configuration Debug for project STM32_uartPrintf ****
make -j12 all 
arm-none-eabi-size  STM32_uartPrintf.elf 
   text	   data	    bss	    dec	    hex	filename
  16068	    132	   1916	  18116	   46c4	STM32_uartPrintf.elf
Finished building: default.size.stdout
 
15:21:56 **** Incremental Build of configuration Debug for project STM32_uartPrintf ****
make -j12 all 
arm-none-eabi-size  STM32_uartPrintf.elf 
   text	   data	    bss	    dec	    hex	filename
  16068	    132	   1916	  18116	   46c4	STM32_uartPrintf.elf
Finished building: default.size.stdout
 
