17:38:31 **** Incremental Build of configuration Debug for project STM32_uartPrintf ****
make -j12 all 
arm-none-eabi-gcc "../Core/Src/Dht22.c" -mcpu=cortex-m0plus -std=gnu11 -g3 -DDEBUG -DSTM32L073xx -DUSE_FULL_LL_DRIVER -DHSE_VALUE=8000000 -DHSE_STARTUP_TIMEOUT=100 -DLSE_STARTUP_TIMEOUT=5000 -DLSE_VALUE=32768 -DMSI_VALUE=2097000 -DHSI_VALUE=16000000 -DLSI_VALUE=37000 -DVDD_VALUE=3300 -DPREFETCH_ENABLE=0 -DINSTRUCTION_CACHE_ENABLE=1 -DDATA_CACHE_ENABLE=1 -c -I../Core/Inc -I../Drivers/STM32L0xx_HAL_Driver/Inc -I../Drivers/CMSIS/Device/ST/STM32L0xx/Include -I../Drivers/CMSIS/Include -O0 -ffunction-sections -fdata-sections -Wall -fstack-usage -fcyclomatic-complexity -MMD -MP -MF"Core/Src/Dht22.d" -MT"Core/Src/Dht22.o" --specs=nano.specs -mfloat-abi=soft -mthumb -o "Core/Src/Dht22.o"
arm-none-eabi-gcc -o "STM32_uartPrintf.elf" @"objects.list"   -mcpu=cortex-m0plus -T"C:\Users\pierr\STM32CubeIDE\workspace_2.0.0\STM32L073_uartPrintf\STM32_uartPrintf\STM32L073RZTX_FLASH.ld" --specs=nosys.specs -Wl,-Map="STM32_uartPrintf.map" -Wl,--gc-sections -static --specs=nano.specs -mfloat-abi=soft -mthumb -Wl,--start-group -lc -lm -Wl,--end-group
C:/ST/STM32CubeIDE_2.0.0/STM32CubeIDE/plugins/com.st.stm32cube.ide.mcu.externaltools.gnu-tools-for-stm32.13.3.rel1.win32_1.0.100.202509120712/tools/bin/../lib/gcc/arm-none-eabi/13.3.1/../../../../arm-none-eabi/bin/ld.exe: warning: STM32_uartPrintf.elf has a LOAD segment with RWX permissions
Finished building target: STM32_uartPrintf.elf
 
arm-none-eabi-size  STM32_uartPrintf.elf 
arm-none-eabi-objdump -h -S STM32_uartPrintf.elf  > "STM32_uartPrintf.list"
   text	   data	    bss	    dec	    hex	filename
  14152	    104	   1912	  16168	   3f28	STM32_uartPrintf.elf
Finished building: default.size.stdout
 
Finished building: STM32_uartPrintf.list
 

17:38:33 Build Finished. 0 errors, 1 warnings. (took 2s.27ms)

